#
# There is insufficient memory for the Java Runtime Environment to continue.
# Native memory allocation (malloc) failed to allocate 1223856 bytes. Error detail: Chunk::new
# Possible reasons:
#   The system is out of physical RAM or swap space
#   This process is running with CompressedOops enabled, and the Java Heap may be blocking the growth of the native heap
# Possible solutions:
#   Reduce memory load on the system
#   Increase physical memory or swap space
#   Check if swap backing store is full
#   Decrease Java heap size (-Xmx/-Xms)
#   Decrease number of Java threads
#   Decrease Java thread stack sizes (-Xss)
#   Set larger code cache with -XX:ReservedCodeCacheSize=
#   JVM is running with Zero Based Compressed Oops mode in which the Java heap is
#     placed in the first 32GB address space. The Java Heap base address is the
#     maximum limit for the native heap growth. Please use -XX:HeapBaseMinAddress
#     to set the Java Heap base and to place the Java Heap above 32GB virtual address.
# This output file may be truncated or incomplete.
#
#  Out of Memory Error (arena.cpp:168), pid=11928, tid=20888
#
# JRE version: OpenJDK Runtime Environment JBR-21.0.3+13-509.15-jcef (21.0.3+13) (build 21.0.3+13-b509.15)
# Java VM: OpenJDK 64-Bit Server VM JBR-21.0.3+13-509.15-jcef (21.0.3+13-b509.15, mixed mode, tiered, compressed oops, compressed class ptrs, g1 gc, windows-amd64)
# No core dump will be written. Minidumps are not enabled by default on client versions of Windows
#

---------------  S U M M A R Y ------------

Command Line: git4idea.http.GitAskPassApp Username for 'https://github.com': 

Host: AMD Ryzen 5 4600H with Radeon Graphics         , 12 cores, 15G,  Windows 11 , 64 bit Build 26100 (10.0.26100.3775)
Time: Sat May  3 21:47:09 2025 W. Europe Daylight Time elapsed time: 2.579239 seconds (0d 0h 0m 2s)

---------------  T H R E A D  ---------------

Current thread (0x000001d6f0316130):  JavaThread "C2 CompilerThread0" daemon [_thread_in_native, id=20888, stack(0x000000b6dea00000,0x000000b6deb00000) (1024K)]


Current CompileTask:
C2:   2579 1021       4       sun.security.ec.ECOperations::setDouble (463 bytes)

Stack: [0x000000b6dea00000,0x000000b6deb00000]
Native frames: (J=compiled Java code, j=interpreted, Vv=VM code, C=native code)
V  [jvm.dll+0x6e02f9]
V  [jvm.dll+0x8bd383]
V  [jvm.dll+0x8bf8de]
V  [jvm.dll+0x8bffc3]
V  [jvm.dll+0x2879c6]
V  [jvm.dll+0xc60ad]
V  [jvm.dll+0xc65e3]
V  [jvm.dll+0x3bffe1]
V  [jvm.dll+0x38c777]
V  [jvm.dll+0x38bbea]
V  [jvm.dll+0x24f3d2]
V  [jvm.dll+0x24e9a1]
V  [jvm.dll+0x1cd034]
V  [jvm.dll+0x25e13c]
V  [jvm.dll+0x25c616]
V  [jvm.dll+0x3fb056]
V  [jvm.dll+0x865338]
V  [jvm.dll+0x6deb3d]
C  [ucrtbase.dll+0x37b0]
C  [KERNEL32.DLL+0x2e8d7]
C  [ntdll.dll+0xb14fc]


---------------  P R O C E S S  ---------------

Threads class SMR info:
_java_thread_list=0x000001d6f0c2f480, length=16, elements={
0x000001d6d30c06c0, 0x000001d6f02ede60, 0x000001d6f02f08d0, 0x000001d6f0312b00,
0x000001d6f0313de0, 0x000001d6f0314840, 0x000001d6f03156d0, 0x000001d6f0316130,
0x000001d6f0316d80, 0x000001d6f04e5d50, 0x000001d6f04f0f90, 0x000001d6f0b37c90,
0x000001d6f0c54970, 0x000001d6f0c49950, 0x000001d6f0c4c1b0, 0x000001d6f0c29ee0
}

Java Threads: ( => current thread )
  0x000001d6d30c06c0 JavaThread "main"                              [_thread_blocked, id=10040, stack(0x000000b6ddc00000,0x000000b6ddd00000) (1024K)]
  0x000001d6f02ede60 JavaThread "Reference Handler"          daemon [_thread_blocked, id=10436, stack(0x000000b6de400000,0x000000b6de500000) (1024K)]
  0x000001d6f02f08d0 JavaThread "Finalizer"                  daemon [_thread_blocked, id=12244, stack(0x000000b6de500000,0x000000b6de600000) (1024K)]
  0x000001d6f0312b00 JavaThread "Signal Dispatcher"          daemon [_thread_blocked, id=25604, stack(0x000000b6de600000,0x000000b6de700000) (1024K)]
  0x000001d6f0313de0 JavaThread "Attach Listener"            daemon [_thread_blocked, id=23476, stack(0x000000b6de700000,0x000000b6de800000) (1024K)]
  0x000001d6f0314840 JavaThread "Service Thread"             daemon [_thread_blocked, id=11936, stack(0x000000b6de800000,0x000000b6de900000) (1024K)]
  0x000001d6f03156d0 JavaThread "Monitor Deflation Thread"   daemon [_thread_blocked, id=6960, stack(0x000000b6de900000,0x000000b6dea00000) (1024K)]
=>0x000001d6f0316130 JavaThread "C2 CompilerThread0"         daemon [_thread_in_native, id=20888, stack(0x000000b6dea00000,0x000000b6deb00000) (1024K)]
  0x000001d6f0316d80 JavaThread "C1 CompilerThread0"         daemon [_thread_blocked, id=12336, stack(0x000000b6deb00000,0x000000b6dec00000) (1024K)]
  0x000001d6f04e5d50 JavaThread "Notification Thread"        daemon [_thread_blocked, id=18296, stack(0x000000b6dec00000,0x000000b6ded00000) (1024K)]
  0x000001d6f04f0f90 JavaThread "Common-Cleaner"             daemon [_thread_blocked, id=13964, stack(0x000000b6ded00000,0x000000b6dee00000) (1024K)]
  0x000001d6f0b37c90 JavaThread "HttpClient-1-SelectorManager" daemon [_thread_in_native, id=13368, stack(0x000000b6dee00000,0x000000b6def00000) (1024K)]
  0x000001d6f0c54970 JavaThread "HttpClient-1-Worker-0"      daemon [_thread_blocked, id=21780, stack(0x000000b6df000000,0x000000b6df100000) (1024K)]
  0x000001d6f0c49950 JavaThread "HttpClient-1-Worker-1"      daemon [_thread_blocked, id=17160, stack(0x000000b6df100000,0x000000b6df200000) (1024K)]
  0x000001d6f0c4c1b0 JavaThread "C2 CompilerThread1"         daemon [_thread_blocked, id=8552, stack(0x000000b6df200000,0x000000b6df300000) (1024K)]
  0x000001d6f0c29ee0 JavaThread "C2 CompilerThread2"         daemon [_thread_blocked, id=23524, stack(0x000000b6df300000,0x000000b6df400000) (1024K)]
Total: 16

Other Threads:
  0x000001d6f013ae40 VMThread "VM Thread"                           [id=18952, stack(0x000000b6de300000,0x000000b6de400000) (1024K)]
  0x000001d6f00c67f0 WatcherThread "VM Periodic Task Thread"        [id=25120, stack(0x000000b6de200000,0x000000b6de300000) (1024K)]
  0x000001d6d4bab2f0 WorkerThread "GC Thread#0"                     [id=15796, stack(0x000000b6ddd00000,0x000000b6dde00000) (1024K)]
  0x000001d6d4bbb8d0 ConcurrentGCThread "G1 Main Marker"            [id=25556, stack(0x000000b6dde00000,0x000000b6ddf00000) (1024K)]
  0x000001d6d4bbd250 WorkerThread "G1 Conc#0"                       [id=26656, stack(0x000000b6ddf00000,0x000000b6de000000) (1024K)]
  0x000001d6d4c0e5f0 ConcurrentGCThread "G1 Refine#0"               [id=11312, stack(0x000000b6de000000,0x000000b6de100000) (1024K)]
  0x000001d6eff9e5b0 ConcurrentGCThread "G1 Service"                [id=25524, stack(0x000000b6de100000,0x000000b6de200000) (1024K)]
Total: 7

Threads with active compile tasks:
C2 CompilerThread0     2592 1021       4       sun.security.ec.ECOperations::setDouble (463 bytes)
Total: 1

VM state: not at safepoint (normal execution)

VM Mutex/Monitor currently owned by a thread: None

Heap address: 0x000000070a000000, size: 3936 MB, Compressed Oops mode: Zero based, Oop shift amount: 3

CDS archive(s) not mapped
Compressed class space mapped at: 0x0000000800000000-0x0000000840000000, reserved size: 1073741824
Narrow klass base: 0x0000000800000000, Narrow klass shift: 0, Narrow klass range: 0x40000000

GC Precious Log:
 CardTable entry size: 512
 Card Set container configuration: InlinePtr #cards 4 size 8 Array Of Cards #cards 16 size 48 Howl #buckets 8 coarsen threshold 3686 Howl Bitmap #cards 512 size 80 coarsen threshold 460 Card regions per heap region 1 cards per card region 4096
 CPUs: 12 total, 12 available
 Memory: 15741M
 Large Page Support: Disabled
 NUMA Support: Disabled
 Compressed Oops: Enabled (Zero based)
 Heap Region Size: 2M
 Heap Min Capacity: 8M
 Heap Initial Capacity: 246M
 Heap Max Capacity: 3936M
 Pre-touch: Disabled
 Parallel Workers: 10
 Concurrent Workers: 3
 Concurrent Refinement Workers: 10
 Periodic GC: Disabled

Heap:
 garbage-first heap   total 251904K, used 14336K [0x000000070a000000, 0x0000000800000000)
  region size 2048K, 8 young (16384K), 0 survivors (0K)
 Metaspace       used 16859K, committed 17088K, reserved 1114112K
  class space    used 1666K, committed 1792K, reserved 1048576K

Heap Regions: E=young(eden), S=young(survivor), O=old, HS=humongous(starts), HC=humongous(continues), CS=collection set, F=free, TAMS=top-at-mark-start, PB=parsable bottom
|   0|0x000000070a000000, 0x000000070a000000, 0x000000070a200000|  0%| F|  |TAMS 0x000000070a000000| PB 0x000000070a000000| Untracked 
|   1|0x000000070a200000, 0x000000070a200000, 0x000000070a400000|  0%| F|  |TAMS 0x000000070a200000| PB 0x000000070a200000| Untracked 
|   2|0x000000070a400000, 0x000000070a400000, 0x000000070a600000|  0%| F|  |TAMS 0x000000070a400000| PB 0x000000070a400000| Untracked 
|   3|0x000000070a600000, 0x000000070a600000, 0x000000070a800000|  0%| F|  |TAMS 0x000000070a600000| PB 0x000000070a600000| Untracked 
|   4|0x000000070a800000, 0x000000070a800000, 0x000000070aa00000|  0%| F|  |TAMS 0x000000070a800000| PB 0x000000070a800000| Untracked 
|   5|0x000000070aa00000, 0x000000070aa00000, 0x000000070ac00000|  0%| F|  |TAMS 0x000000070aa00000| PB 0x000000070aa00000| Untracked 
|   6|0x000000070ac00000, 0x000000070ac00000, 0x000000070ae00000|  0%| F|  |TAMS 0x000000070ac00000| PB 0x000000070ac00000| Untracked 
|   7|0x000000070ae00000, 0x000000070ae00000, 0x000000070b000000|  0%| F|  |TAMS 0x000000070ae00000| PB 0x000000070ae00000| Untracked 
|   8|0x000000070b000000, 0x000000070b000000, 0x000000070b200000|  0%| F|  |TAMS 0x000000070b000000| PB 0x000000070b000000| Untracked 
|   9|0x000000070b200000, 0x000000070b200000, 0x000000070b400000|  0%| F|  |TAMS 0x000000070b200000| PB 0x000000070b200000| Untracked 
|  10|0x000000070b400000, 0x000000070b400000, 0x000000070b600000|  0%| F|  |TAMS 0x000000070b400000| PB 0x000000070b400000| Untracked 
|  11|0x000000070b600000, 0x000000070b600000, 0x000000070b800000|  0%| F|  |TAMS 0x000000070b600000| PB 0x000000070b600000| Untracked 
|  12|0x000000070b800000, 0x000000070b800000, 0x000000070ba00000|  0%| F|  |TAMS 0x000000070b800000| PB 0x000000070b800000| Untracked 
|  13|0x000000070ba00000, 0x000000070ba00000, 0x000000070bc00000|  0%| F|  |TAMS 0x000000070ba00000| PB 0x000000070ba00000| Untracked 
|  14|0x000000070bc00000, 0x000000070bc00000, 0x000000070be00000|  0%| F|  |TAMS 0x000000070bc00000| PB 0x000000070bc00000| Untracked 
|  15|0x000000070be00000, 0x000000070be00000, 0x000000070c000000|  0%| F|  |TAMS 0x000000070be00000| PB 0x000000070be00000| Untracked 
|  16|0x000000070c000000, 0x000000070c000000, 0x000000070c200000|  0%| F|  |TAMS 0x000000070c000000| PB 0x000000070c000000| Untracked 
|  17|0x000000070c200000, 0x000000070c200000, 0x000000070c400000|  0%| F|  |TAMS 0x000000070c200000| PB 0x000000070c200000| Untracked 
|  18|0x000000070c400000, 0x000000070c400000, 0x000000070c600000|  0%| F|  |TAMS 0x000000070c400000| PB 0x000000070c400000| Untracked 
|  19|0x000000070c600000, 0x000000070c600000, 0x000000070c800000|  0%| F|  |TAMS 0x000000070c600000| PB 0x000000070c600000| Untracked 
|  20|0x000000070c800000, 0x000000070c800000, 0x000000070ca00000|  0%| F|  |TAMS 0x000000070c800000| PB 0x000000070c800000| Untracked 
|  21|0x000000070ca00000, 0x000000070ca00000, 0x000000070cc00000|  0%| F|  |TAMS 0x000000070ca00000| PB 0x000000070ca00000| Untracked 
|  22|0x000000070cc00000, 0x000000070cc00000, 0x000000070ce00000|  0%| F|  |TAMS 0x000000070cc00000| PB 0x000000070cc00000| Untracked 
|  23|0x000000070ce00000, 0x000000070ce00000, 0x000000070d000000|  0%| F|  |TAMS 0x000000070ce00000| PB 0x000000070ce00000| Untracked 
|  24|0x000000070d000000, 0x000000070d000000, 0x000000070d200000|  0%| F|  |TAMS 0x000000070d000000| PB 0x000000070d000000| Untracked 
|  25|0x000000070d200000, 0x000000070d200000, 0x000000070d400000|  0%| F|  |TAMS 0x000000070d200000| PB 0x000000070d200000| Untracked 
|  26|0x000000070d400000, 0x000000070d400000, 0x000000070d600000|  0%| F|  |TAMS 0x000000070d400000| PB 0x000000070d400000| Untracked 
|  27|0x000000070d600000, 0x000000070d600000, 0x000000070d800000|  0%| F|  |TAMS 0x000000070d600000| PB 0x000000070d600000| Untracked 
|  28|0x000000070d800000, 0x000000070d800000, 0x000000070da00000|  0%| F|  |TAMS 0x000000070d800000| PB 0x000000070d800000| Untracked 
|  29|0x000000070da00000, 0x000000070da00000, 0x000000070dc00000|  0%| F|  |TAMS 0x000000070da00000| PB 0x000000070da00000| Untracked 
|  30|0x000000070dc00000, 0x000000070dc00000, 0x000000070de00000|  0%| F|  |TAMS 0x000000070dc00000| PB 0x000000070dc00000| Untracked 
|  31|0x000000070de00000, 0x000000070de00000, 0x000000070e000000|  0%| F|  |TAMS 0x000000070de00000| PB 0x000000070de00000| Untracked 
|  32|0x000000070e000000, 0x000000070e000000, 0x000000070e200000|  0%| F|  |TAMS 0x000000070e000000| PB 0x000000070e000000| Untracked 
|  33|0x000000070e200000, 0x000000070e200000, 0x000000070e400000|  0%| F|  |TAMS 0x000000070e200000| PB 0x000000070e200000| Untracked 
|  34|0x000000070e400000, 0x000000070e400000, 0x000000070e600000|  0%| F|  |TAMS 0x000000070e400000| PB 0x000000070e400000| Untracked 
|  35|0x000000070e600000, 0x000000070e600000, 0x000000070e800000|  0%| F|  |TAMS 0x000000070e600000| PB 0x000000070e600000| Untracked 
|  36|0x000000070e800000, 0x000000070e800000, 0x000000070ea00000|  0%| F|  |TAMS 0x000000070e800000| PB 0x000000070e800000| Untracked 
|  37|0x000000070ea00000, 0x000000070ea00000, 0x000000070ec00000|  0%| F|  |TAMS 0x000000070ea00000| PB 0x000000070ea00000| Untracked 
|  38|0x000000070ec00000, 0x000000070ec00000, 0x000000070ee00000|  0%| F|  |TAMS 0x000000070ec00000| PB 0x000000070ec00000| Untracked 
|  39|0x000000070ee00000, 0x000000070ee00000, 0x000000070f000000|  0%| F|  |TAMS 0x000000070ee00000| PB 0x000000070ee00000| Untracked 
|  40|0x000000070f000000, 0x000000070f000000, 0x000000070f200000|  0%| F|  |TAMS 0x000000070f000000| PB 0x000000070f000000| Untracked 
|  41|0x000000070f200000, 0x000000070f200000, 0x000000070f400000|  0%| F|  |TAMS 0x000000070f200000| PB 0x000000070f200000| Untracked 
|  42|0x000000070f400000, 0x000000070f400000, 0x000000070f600000|  0%| F|  |TAMS 0x000000070f400000| PB 0x000000070f400000| Untracked 
|  43|0x000000070f600000, 0x000000070f600000, 0x000000070f800000|  0%| F|  |TAMS 0x000000070f600000| PB 0x000000070f600000| Untracked 
|  44|0x000000070f800000, 0x000000070f800000, 0x000000070fa00000|  0%| F|  |TAMS 0x000000070f800000| PB 0x000000070f800000| Untracked 
|  45|0x000000070fa00000, 0x000000070fa00000, 0x000000070fc00000|  0%| F|  |TAMS 0x000000070fa00000| PB 0x000000070fa00000| Untracked 
|  46|0x000000070fc00000, 0x000000070fc00000, 0x000000070fe00000|  0%| F|  |TAMS 0x000000070fc00000| PB 0x000000070fc00000| Untracked 
|  47|0x000000070fe00000, 0x000000070fe00000, 0x0000000710000000|  0%| F|  |TAMS 0x000000070fe00000| PB 0x000000070fe00000| Untracked 
|  48|0x0000000710000000, 0x0000000710000000, 0x0000000710200000|  0%| F|  |TAMS 0x0000000710000000| PB 0x0000000710000000| Untracked 
|  49|0x0000000710200000, 0x0000000710200000, 0x0000000710400000|  0%| F|  |TAMS 0x0000000710200000| PB 0x0000000710200000| Untracked 
|  50|0x0000000710400000, 0x0000000710400000, 0x0000000710600000|  0%| F|  |TAMS 0x0000000710400000| PB 0x0000000710400000| Untracked 
|  51|0x0000000710600000, 0x0000000710600000, 0x0000000710800000|  0%| F|  |TAMS 0x0000000710600000| PB 0x0000000710600000| Untracked 
|  52|0x0000000710800000, 0x0000000710800000, 0x0000000710a00000|  0%| F|  |TAMS 0x0000000710800000| PB 0x0000000710800000| Untracked 
|  53|0x0000000710a00000, 0x0000000710a00000, 0x0000000710c00000|  0%| F|  |TAMS 0x0000000710a00000| PB 0x0000000710a00000| Untracked 
|  54|0x0000000710c00000, 0x0000000710c00000, 0x0000000710e00000|  0%| F|  |TAMS 0x0000000710c00000| PB 0x0000000710c00000| Untracked 
|  55|0x0000000710e00000, 0x0000000710e00000, 0x0000000711000000|  0%| F|  |TAMS 0x0000000710e00000| PB 0x0000000710e00000| Untracked 
|  56|0x0000000711000000, 0x0000000711000000, 0x0000000711200000|  0%| F|  |TAMS 0x0000000711000000| PB 0x0000000711000000| Untracked 
|  57|0x0000000711200000, 0x0000000711200000, 0x0000000711400000|  0%| F|  |TAMS 0x0000000711200000| PB 0x0000000711200000| Untracked 
|  58|0x0000000711400000, 0x0000000711400000, 0x0000000711600000|  0%| F|  |TAMS 0x0000000711400000| PB 0x0000000711400000| Untracked 
|  59|0x0000000711600000, 0x0000000711600000, 0x0000000711800000|  0%| F|  |TAMS 0x0000000711600000| PB 0x0000000711600000| Untracked 
|  60|0x0000000711800000, 0x0000000711800000, 0x0000000711a00000|  0%| F|  |TAMS 0x0000000711800000| PB 0x0000000711800000| Untracked 
|  61|0x0000000711a00000, 0x0000000711a00000, 0x0000000711c00000|  0%| F|  |TAMS 0x0000000711a00000| PB 0x0000000711a00000| Untracked 
|  62|0x0000000711c00000, 0x0000000711c00000, 0x0000000711e00000|  0%| F|  |TAMS 0x0000000711c00000| PB 0x0000000711c00000| Untracked 
|  63|0x0000000711e00000, 0x0000000711e00000, 0x0000000712000000|  0%| F|  |TAMS 0x0000000711e00000| PB 0x0000000711e00000| Untracked 
|  64|0x0000000712000000, 0x0000000712000000, 0x0000000712200000|  0%| F|  |TAMS 0x0000000712000000| PB 0x0000000712000000| Untracked 
|  65|0x0000000712200000, 0x0000000712200000, 0x0000000712400000|  0%| F|  |TAMS 0x0000000712200000| PB 0x0000000712200000| Untracked 
|  66|0x0000000712400000, 0x0000000712400000, 0x0000000712600000|  0%| F|  |TAMS 0x0000000712400000| PB 0x0000000712400000| Untracked 
|  67|0x0000000712600000, 0x0000000712600000, 0x0000000712800000|  0%| F|  |TAMS 0x0000000712600000| PB 0x0000000712600000| Untracked 
|  68|0x0000000712800000, 0x0000000712800000, 0x0000000712a00000|  0%| F|  |TAMS 0x0000000712800000| PB 0x0000000712800000| Untracked 
|  69|0x0000000712a00000, 0x0000000712a00000, 0x0000000712c00000|  0%| F|  |TAMS 0x0000000712a00000| PB 0x0000000712a00000| Untracked 
|  70|0x0000000712c00000, 0x0000000712c00000, 0x0000000712e00000|  0%| F|  |TAMS 0x0000000712c00000| PB 0x0000000712c00000| Untracked 
|  71|0x0000000712e00000, 0x0000000712e00000, 0x0000000713000000|  0%| F|  |TAMS 0x0000000712e00000| PB 0x0000000712e00000| Untracked 
|  72|0x0000000713000000, 0x0000000713000000, 0x0000000713200000|  0%| F|  |TAMS 0x0000000713000000| PB 0x0000000713000000| Untracked 
|  73|0x0000000713200000, 0x0000000713200000, 0x0000000713400000|  0%| F|  |TAMS 0x0000000713200000| PB 0x0000000713200000| Untracked 
|  74|0x0000000713400000, 0x0000000713400000, 0x0000000713600000|  0%| F|  |TAMS 0x0000000713400000| PB 0x0000000713400000| Untracked 
|  75|0x0000000713600000, 0x0000000713600000, 0x0000000713800000|  0%| F|  |TAMS 0x0000000713600000| PB 0x0000000713600000| Untracked 
|  76|0x0000000713800000, 0x0000000713800000, 0x0000000713a00000|  0%| F|  |TAMS 0x0000000713800000| PB 0x0000000713800000| Untracked 
|  77|0x0000000713a00000, 0x0000000713a00000, 0x0000000713c00000|  0%| F|  |TAMS 0x0000000713a00000| PB 0x0000000713a00000| Untracked 
|  78|0x0000000713c00000, 0x0000000713c00000, 0x0000000713e00000|  0%| F|  |TAMS 0x0000000713c00000| PB 0x0000000713c00000| Untracked 
|  79|0x0000000713e00000, 0x0000000713e00000, 0x0000000714000000|  0%| F|  |TAMS 0x0000000713e00000| PB 0x0000000713e00000| Untracked 
|  80|0x0000000714000000, 0x0000000714000000, 0x0000000714200000|  0%| F|  |TAMS 0x0000000714000000| PB 0x0000000714000000| Untracked 
|  81|0x0000000714200000, 0x0000000714200000, 0x0000000714400000|  0%| F|  |TAMS 0x0000000714200000| PB 0x0000000714200000| Untracked 
|  82|0x0000000714400000, 0x0000000714400000, 0x0000000714600000|  0%| F|  |TAMS 0x0000000714400000| PB 0x0000000714400000| Untracked 
|  83|0x0000000714600000, 0x0000000714600000, 0x0000000714800000|  0%| F|  |TAMS 0x0000000714600000| PB 0x0000000714600000| Untracked 
|  84|0x0000000714800000, 0x0000000714800000, 0x0000000714a00000|  0%| F|  |TAMS 0x0000000714800000| PB 0x0000000714800000| Untracked 
|  85|0x0000000714a00000, 0x0000000714a00000, 0x0000000714c00000|  0%| F|  |TAMS 0x0000000714a00000| PB 0x0000000714a00000| Untracked 
|  86|0x0000000714c00000, 0x0000000714c00000, 0x0000000714e00000|  0%| F|  |TAMS 0x0000000714c00000| PB 0x0000000714c00000| Untracked 
|  87|0x0000000714e00000, 0x0000000714e00000, 0x0000000715000000|  0%| F|  |TAMS 0x0000000714e00000| PB 0x0000000714e00000| Untracked 
|  88|0x0000000715000000, 0x0000000715000000, 0x0000000715200000|  0%| F|  |TAMS 0x0000000715000000| PB 0x0000000715000000| Untracked 
|  89|0x0000000715200000, 0x0000000715200000, 0x0000000715400000|  0%| F|  |TAMS 0x0000000715200000| PB 0x0000000715200000| Untracked 
|  90|0x0000000715400000, 0x0000000715400000, 0x0000000715600000|  0%| F|  |TAMS 0x0000000715400000| PB 0x0000000715400000| Untracked 
|  91|0x0000000715600000, 0x0000000715600000, 0x0000000715800000|  0%| F|  |TAMS 0x0000000715600000| PB 0x0000000715600000| Untracked 
|  92|0x0000000715800000, 0x0000000715800000, 0x0000000715a00000|  0%| F|  |TAMS 0x0000000715800000| PB 0x0000000715800000| Untracked 
|  93|0x0000000715a00000, 0x0000000715a00000, 0x0000000715c00000|  0%| F|  |TAMS 0x0000000715a00000| PB 0x0000000715a00000| Untracked 
|  94|0x0000000715c00000, 0x0000000715c00000, 0x0000000715e00000|  0%| F|  |TAMS 0x0000000715c00000| PB 0x0000000715c00000| Untracked 
|  95|0x0000000715e00000, 0x0000000715e00000, 0x0000000716000000|  0%| F|  |TAMS 0x0000000715e00000| PB 0x0000000715e00000| Untracked 
|  96|0x0000000716000000, 0x0000000716000000, 0x0000000716200000|  0%| F|  |TAMS 0x0000000716000000| PB 0x0000000716000000| Untracked 
|  97|0x0000000716200000, 0x0000000716200000, 0x0000000716400000|  0%| F|  |TAMS 0x0000000716200000| PB 0x0000000716200000| Untracked 
|  98|0x0000000716400000, 0x0000000716400000, 0x0000000716600000|  0%| F|  |TAMS 0x0000000716400000| PB 0x0000000716400000| Untracked 
|  99|0x0000000716600000, 0x0000000716600000, 0x0000000716800000|  0%| F|  |TAMS 0x0000000716600000| PB 0x0000000716600000| Untracked 
| 100|0x0000000716800000, 0x0000000716800000, 0x0000000716a00000|  0%| F|  |TAMS 0x0000000716800000| PB 0x0000000716800000| Untracked 
| 101|0x0000000716a00000, 0x0000000716a00000, 0x0000000716c00000|  0%| F|  |TAMS 0x0000000716a00000| PB 0x0000000716a00000| Untracked 
| 102|0x0000000716c00000, 0x0000000716c00000, 0x0000000716e00000|  0%| F|  |TAMS 0x0000000716c00000| PB 0x0000000716c00000| Untracked 
| 103|0x0000000716e00000, 0x0000000716e00000, 0x0000000717000000|  0%| F|  |TAMS 0x0000000716e00000| PB 0x0000000716e00000| Untracked 
| 104|0x0000000717000000, 0x0000000717000000, 0x0000000717200000|  0%| F|  |TAMS 0x0000000717000000| PB 0x0000000717000000| Untracked 
| 105|0x0000000717200000, 0x0000000717200000, 0x0000000717400000|  0%| F|  |TAMS 0x0000000717200000| PB 0x0000000717200000| Untracked 
| 106|0x0000000717400000, 0x0000000717400000, 0x0000000717600000|  0%| F|  |TAMS 0x0000000717400000| PB 0x0000000717400000| Untracked 
| 107|0x0000000717600000, 0x0000000717600000, 0x0000000717800000|  0%| F|  |TAMS 0x0000000717600000| PB 0x0000000717600000| Untracked 
| 108|0x0000000717800000, 0x0000000717800000, 0x0000000717a00000|  0%| F|  |TAMS 0x0000000717800000| PB 0x0000000717800000| Untracked 
| 109|0x0000000717a00000, 0x0000000717a00000, 0x0000000717c00000|  0%| F|  |TAMS 0x0000000717a00000| PB 0x0000000717a00000| Untracked 
| 110|0x0000000717c00000, 0x0000000717c00000, 0x0000000717e00000|  0%| F|  |TAMS 0x0000000717c00000| PB 0x0000000717c00000| Untracked 
| 111|0x0000000717e00000, 0x0000000717e00000, 0x0000000718000000|  0%| F|  |TAMS 0x0000000717e00000| PB 0x0000000717e00000| Untracked 
| 112|0x0000000718000000, 0x0000000718000000, 0x0000000718200000|  0%| F|  |TAMS 0x0000000718000000| PB 0x0000000718000000| Untracked 
| 113|0x0000000718200000, 0x0000000718200000, 0x0000000718400000|  0%| F|  |TAMS 0x0000000718200000| PB 0x0000000718200000| Untracked 
| 114|0x0000000718400000, 0x0000000718400000, 0x0000000718600000|  0%| F|  |TAMS 0x0000000718400000| PB 0x0000000718400000| Untracked 
| 115|0x0000000718600000, 0x0000000718671250, 0x0000000718800000| 22%| E|  |TAMS 0x0000000718600000| PB 0x0000000718600000| Complete 
| 116|0x0000000718800000, 0x0000000718a00000, 0x0000000718a00000|100%| E|CS|TAMS 0x0000000718800000| PB 0x0000000718800000| Complete 
| 117|0x0000000718a00000, 0x0000000718c00000, 0x0000000718c00000|100%| E|CS|TAMS 0x0000000718a00000| PB 0x0000000718a00000| Complete 
| 118|0x0000000718c00000, 0x0000000718e00000, 0x0000000718e00000|100%| E|CS|TAMS 0x0000000718c00000| PB 0x0000000718c00000| Complete 
| 119|0x0000000718e00000, 0x0000000719000000, 0x0000000719000000|100%| E|CS|TAMS 0x0000000718e00000| PB 0x0000000718e00000| Complete 
| 120|0x0000000719000000, 0x0000000719200000, 0x0000000719200000|100%| E|CS|TAMS 0x0000000719000000| PB 0x0000000719000000| Complete 
| 121|0x0000000719200000, 0x0000000719400000, 0x0000000719400000|100%| E|CS|TAMS 0x0000000719200000| PB 0x0000000719200000| Complete 
| 122|0x0000000719400000, 0x0000000719600000, 0x0000000719600000|100%| E|CS|TAMS 0x0000000719400000| PB 0x0000000719400000| Complete 

Card table byte_map: [0x000001d6e8ed0000,0x000001d6e9680000] _byte_map_base: 0x000001d6e5680000

Marking Bits: (CMBitMap*) 0x000001d6d4bab9f0
 Bits: [0x000001d6e9680000, 0x000001d6ed400000)

Polling page: 0x000001d6d32e0000

Metaspace:

Usage:
  Non-class:     14.84 MB used.
      Class:      1.63 MB used.
       Both:     16.46 MB used.

Virtual space:
  Non-class space:       64.00 MB reserved,      14.94 MB ( 23%) committed,  1 nodes.
      Class space:        1.00 GB reserved,       1.75 MB ( <1%) committed,  1 nodes.
             Both:        1.06 GB reserved,      16.69 MB (  2%) committed. 

Chunk freelists:
   Non-Class:  896.00 KB
       Class:  14.17 MB
        Both:  15.05 MB

MaxMetaspaceSize: unlimited
CompressedClassSpaceSize: 1.00 GB
Initial GC threshold: 21.00 MB
Current GC threshold: 21.00 MB
CDS: off
 - commit_granule_bytes: 65536.
 - commit_granule_words: 8192.
 - virtual_space_node_default_size: 8388608.
 - enlarge_chunks_in_place: 1.
 - use_allocation_guard: 0.


Internal statistics:

num_allocs_failed_limit: 0.
num_arena_births: 222.
num_arena_deaths: 0.
num_vsnodes_births: 2.
num_vsnodes_deaths: 0.
num_space_committed: 267.
num_space_uncommitted: 0.
num_chunks_returned_to_freelist: 0.
num_chunks_taken_from_freelist: 414.
num_chunk_merges: 0.
num_chunk_splits: 220.
num_chunks_enlarged: 87.
num_inconsistent_stats: 0.

CodeHeap 'non-profiled nmethods': size=120000Kb used=352Kb max_used=352Kb free=119647Kb
 bounds [0x000001d6e0550000, 0x000001d6e07c0000, 0x000001d6e7a80000]
CodeHeap 'profiled nmethods': size=120000Kb used=1648Kb max_used=1648Kb free=118352Kb
 bounds [0x000001d6d8a80000, 0x000001d6d8cf0000, 0x000001d6dffb0000]
CodeHeap 'non-nmethods': size=5760Kb used=1423Kb max_used=1439Kb free=4336Kb
 bounds [0x000001d6dffb0000, 0x000001d6e0220000, 0x000001d6e0550000]
 total_blobs=1540 nmethods=1029 adapters=416
 compilation: enabled
              stopped_count=0, restarted_count=0
 full_count=0

Compilation events (20 events):
Event: 0.479 Thread 0x000001d6f0316d80 1022       3       sun.security.util.math.intpoly.IntegerPolynomial::get0 (10 bytes)
Event: 0.479 Thread 0x000001d6f0316d80 nmethod 1022 0x000001d6d8c19b90 code [0x000001d6d8c19d40, 0x000001d6d8c19f48]
Event: 0.479 Thread 0x000001d6f0316d80 1023       3       sun.security.util.math.intpoly.IntegerPolynomial::get0 (5 bytes)
Event: 0.479 Thread 0x000001d6f0316d80 nmethod 1023 0x000001d6d8c1a090 code [0x000001d6d8c1a240, 0x000001d6d8c1a530]
Event: 0.485 Thread 0x000001d6f0c29ee0 nmethod 1014 0x000001d6e05a5910 code [0x000001d6e05a5b00, 0x000001d6e05a6430]
Event: 0.485 Thread 0x000001d6f0c29ee0 1024       4       sun.security.util.math.intpoly.IntegerPolynomial$MutableElement::setAdditiveInverse (32 bytes)
Event: 0.487 Thread 0x000001d6f0c29ee0 nmethod 1024 0x000001d6e05a6910 code [0x000001d6e05a6aa0, 0x000001d6e05a6c78]
Event: 0.490 Thread 0x000001d6f0c4c1b0 nmethod 1020 0x000001d6e05a6d90 code [0x000001d6e05a6f80, 0x000001d6e05a7a58]
Event: 0.494 Thread 0x000001d6f0316d80 1025       3       sun.security.ec.ECOperations$PointMultiplier$Secp256R1GeneratorMultiplier::bit (13 bytes)
Event: 0.494 Thread 0x000001d6f0316d80 nmethod 1025 0x000001d6d8c1a690 code [0x000001d6d8c1a820, 0x000001d6d8c1a948]
Event: 0.495 Thread 0x000001d6f0316d80 1027       3       java.nio.HeapByteBuffer::ix (7 bytes)
Event: 0.495 Thread 0x000001d6f0316d80 nmethod 1027 0x000001d6d8c1aa10 code [0x000001d6d8c1aba0, 0x000001d6d8c1acb0]
Event: 0.495 Thread 0x000001d6f0316d80 1026       3       java.util.LinkedList$ListItr::hasNext (20 bytes)
Event: 0.495 Thread 0x000001d6f0316d80 nmethod 1026 0x000001d6d8c1ad10 code [0x000001d6d8c1aec0, 0x000001d6d8c1b038]
Event: 0.495 Thread 0x000001d6f0316d80 1028       3       java.lang.Enum::hashCode (21 bytes)
Event: 0.495 Thread 0x000001d6f0316d80 nmethod 1028 0x000001d6d8c1b110 code [0x000001d6d8c1b2c0, 0x000001d6d8c1b448]
Event: 0.496 Thread 0x000001d6f0316d80 1029       3       java.nio.HeapByteBuffer::get (14 bytes)
Event: 0.496 Thread 0x000001d6f0316d80 nmethod 1029 0x000001d6d8c1b510 code [0x000001d6d8c1b6e0, 0x000001d6d8c1b9c0]
Event: 0.496 Thread 0x000001d6f0316d80 1030       3       java.nio.Buffer::nextGetIndex (30 bytes)
Event: 0.496 Thread 0x000001d6f0316d80 nmethod 1030 0x000001d6d8c1bb90 code [0x000001d6d8c1bd40, 0x000001d6d8c1bf10]

GC Heap History (0 events):
No events

Dll operation events (2 events):
Event: 0.007 Loaded shared library C:\Program Files\JetBrains\IntelliJ IDEA Community Edition 2023.2.1\jbr\bin\java.dll
Event: 0.011 Loaded shared library C:\Program Files\JetBrains\IntelliJ IDEA Community Edition 2023.2.1\jbr\bin\zip.dll

Deoptimization events (4 events):
Event: 0.285 Thread 0x000001d6d30c06c0 DEOPT PACKING pc=0x000001d6d8a98378 sp=0x000000b6ddcfc440
Event: 0.285 Thread 0x000001d6d30c06c0 DEOPT UNPACKING pc=0x000001d6e0004e42 sp=0x000000b6ddcfb860 mode 0
Event: 0.319 Thread 0x000001d6d30c06c0 DEOPT PACKING pc=0x000001d6d8a96f58 sp=0x000000b6ddcf86c0
Event: 0.319 Thread 0x000001d6d30c06c0 DEOPT UNPACKING pc=0x000001d6e0004e42 sp=0x000000b6ddcf7b28 mode 0

Classes loaded (20 events):
Event: 0.495 Loading class sun/security/ssl/OutputRecord$T13PaddingHolder
Event: 0.495 Loading class sun/security/ssl/OutputRecord$T13PaddingHolder done
Event: 0.495 Loading class sun/security/ssl/Ciphertext
Event: 0.495 Loading class sun/security/ssl/Ciphertext done
Event: 0.495 Loading class sun/security/ssl/PostHandshakeContext
Event: 0.496 Loading class sun/security/ssl/PostHandshakeContext done
Event: 0.496 Loading class javax/net/ssl/SSLEngineResult$Status
Event: 0.496 Loading class javax/net/ssl/SSLEngineResult$Status done
Event: 0.496 Loading class javax/net/ssl/SSLEngineResult
Event: 0.496 Loading class javax/net/ssl/SSLEngineResult done
Event: 0.496 Loading class java/lang/NoSuchFieldError
Event: 0.496 Loading class java/lang/NoSuchFieldError done
Event: 0.497 Loading class sun/nio/ch/IOVecWrapper
Event: 0.497 Loading class sun/nio/ch/IOVecWrapper done
Event: 0.497 Loading class sun/nio/ch/AllocatedNativeObject
Event: 0.497 Loading class sun/nio/ch/NativeObject
Event: 0.497 Loading class sun/nio/ch/NativeObject done
Event: 0.497 Loading class sun/nio/ch/AllocatedNativeObject done
Event: 0.497 Loading class sun/nio/ch/IOVecWrapper$Deallocator
Event: 0.497 Loading class sun/nio/ch/IOVecWrapper$Deallocator done

Classes unloaded (0 events):
No events

Classes redefined (0 events):
No events

Internal exceptions (20 events):
Event: 0.279 Thread 0x000001d6d30c06c0 Exception <a 'java/lang/NoSuchMethodError'{0x0000000718e46780}: 'int java.lang.invoke.DirectMethodHandle$Holder.invokeVirtual(java.lang.Object, java.lang.Object)'> (0x0000000718e46780) 
thrown [s\src\hotspot\share\interpreter\linkResolver.cpp, line 784]
Event: 0.279 Thread 0x000001d6d30c06c0 Exception <a 'java/lang/NoSuchMethodError'{0x0000000718e4a9e8}: 'int java.lang.invoke.DirectMethodHandle$Holder.invokeStaticInit(java.lang.Object, int, int)'> (0x0000000718e4a9e8) 
thrown [s\src\hotspot\share\interpreter\linkResolver.cpp, line 784]
Event: 0.280 Thread 0x000001d6d30c06c0 Exception <a 'java/lang/NoSuchMethodError'{0x0000000718e51da8}: 'int java.lang.invoke.DirectMethodHandle$Holder.invokeStaticInit(java.lang.Object, long, long)'> (0x0000000718e51da8) 
thrown [s\src\hotspot\share\interpreter\linkResolver.cpp, line 784]
Event: 0.280 Thread 0x000001d6d30c06c0 Exception <a 'java/lang/NoSuchMethodError'{0x0000000718e586c0}: 'int java.lang.invoke.DirectMethodHandle$Holder.invokeStaticInit(java.lang.Object, float, float)'> (0x0000000718e586c0) 
thrown [s\src\hotspot\share\interpreter\linkResolver.cpp, line 784]
Event: 0.281 Thread 0x000001d6d30c06c0 Exception <a 'java/lang/NoSuchMethodError'{0x0000000718e5efd0}: 'int java.lang.invoke.DirectMethodHandle$Holder.invokeStaticInit(java.lang.Object, double, double)'> (0x0000000718e5efd0) 
thrown [s\src\hotspot\share\interpreter\linkResolver.cpp, line 784]
Event: 0.281 Thread 0x000001d6d30c06c0 Exception <a 'java/lang/NoSuchMethodError'{0x0000000718e63580}: 'int java.lang.invoke.DirectMethodHandle$Holder.invokeStatic(java.lang.Object, long)'> (0x0000000718e63580) 
thrown [s\src\hotspot\share\interpreter\linkResolver.cpp, line 784]
Event: 0.286 Thread 0x000001d6d30c06c0 Exception <a 'java/lang/NoSuchMethodError'{0x0000000718e8f640}: 'java.lang.Object java.lang.invoke.DelegatingMethodHandle$Holder.delegate(java.lang.Object, int, java.lang.Object, java.lang.Object)'> (0x0000000718e8f640) 
thrown [s\src\hotspot\share\interpreter\linkResolver.cpp, line 784]
Event: 0.287 Thread 0x000001d6d30c06c0 Exception <a 'java/lang/NoSuchMethodError'{0x0000000718e9e750}: 'int java.lang.invoke.Invokers$Holder.linkToTargetMethod(java.lang.Object, java.lang.Object, java.lang.Object)'> (0x0000000718e9e750) 
thrown [s\src\hotspot\share\interpreter\linkResolver.cpp, line 784]
Event: 0.290 Thread 0x000001d6d30c06c0 Exception <a 'java/lang/NoSuchMethodError'{0x0000000718ecfff8}: 'long java.lang.invoke.DirectMethodHandle$Holder.invokeSpecial(java.lang.Object, java.lang.Object)'> (0x0000000718ecfff8) 
thrown [s\src\hotspot\share\interpreter\linkResolver.cpp, line 784]
Event: 0.291 Thread 0x000001d6d30c06c0 Exception <a 'java/lang/NoSuchMethodError'{0x0000000718ed66f8}: 'int java.lang.invoke.DirectMethodHandle$Holder.invokeStatic(java.lang.Object, java.lang.Object, java.lang.Object, java.lang.Object)'> (0x0000000718ed66f8) 
thrown [s\src\hotspot\share\interpreter\linkResolver.cpp, line 784]
Event: 0.291 Thread 0x000001d6d30c06c0 Exception <a 'java/lang/NoSuchMethodError'{0x0000000718ed9ac8}: 'java.lang.Object java.lang.invoke.Invokers$Holder.invokeExact_MT(java.lang.Object, java.lang.Object, java.lang.Object, java.lang.Object, java.lang.Object, java.lang.Object)'> (0x0000000718ed9ac8) 
thrown [s\src\hotspot\share\interpreter\linkResolver.cpp, line 784]
Event: 0.366 Thread 0x000001d6d30c06c0 Exception <a 'java/lang/NoSuchMethodError'{0x0000000718d6f668}: 'java.lang.Object java.lang.invoke.DirectMethodHandle$Holder.newInvokeSpecial(java.lang.Object, java.lang.Object, java.lang.Object, java.lang.Object, java.lang.Object)'> (0x0000000718d6f668) 
thrown [s\src\hotspot\share\interpreter\linkResolver.cpp, line 784]
Event: 0.390 Thread 0x000001d6d30c06c0 Exception <a 'java/lang/NoSuchMethodError'{0x0000000718aedc70}: 'java.lang.Object java.lang.invoke.DirectMethodHandle$Holder.invokeSpecial(java.lang.Object, java.lang.Object, java.lang.Object, java.lang.Object, int)'> (0x0000000718aedc70) 
thrown [s\src\hotspot\share\interpreter\linkResolver.cpp, line 784]
Event: 0.390 Thread 0x000001d6d30c06c0 Exception <a 'java/lang/NoSuchMethodError'{0x0000000718af15b8}: 'java.lang.Object java.lang.invoke.Invokers$Holder.linkToTargetMethod(java.lang.Object, java.lang.Object, int, java.lang.Object)'> (0x0000000718af15b8) 
thrown [s\src\hotspot\share\interpreter\linkResolver.cpp, line 784]
Event: 0.395 Thread 0x000001d6d30c06c0 Exception <a 'java/lang/NoSuchMethodError'{0x0000000718b204f0}: 'void java.lang.invoke.DirectMethodHandle$Holder.invokeSpecial(java.lang.Object, java.lang.Object, java.lang.Object)'> (0x0000000718b204f0) 
thrown [s\src\hotspot\share\interpreter\linkResolver.cpp, line 784]
Event: 0.406 Thread 0x000001d6d30c06c0 Exception <a 'java/lang/NoSuchMethodError'{0x0000000718ba2970}: 'void java.lang.invoke.DirectMethodHandle$Holder.invokeSpecial(java.lang.Object, java.lang.Object, java.lang.Object, java.lang.Object, java.lang.Object)'> (0x0000000718ba2970) 
thrown [s\src\hotspot\share\interpreter\linkResolver.cpp, line 784]
Event: 0.406 Thread 0x000001d6f0b37c90 Exception <a 'java/lang/NoSuchMethodError'{0x0000000718d03d10}: 'void java.lang.invoke.DirectMethodHandle$Holder.invokeStatic(java.lang.Object, java.lang.Object, int)'> (0x0000000718d03d10) 
thrown [s\src\hotspot\share\interpreter\linkResolver.cpp, line 784]
Event: 0.412 Thread 0x000001d6f0b37c90 Exception <a 'java/lang/NoSuchMethodError'{0x0000000718d3c878}: 'void java.lang.invoke.DirectMethodHandle$Holder.invokeStatic(java.lang.Object, java.lang.Object)'> (0x0000000718d3c878) 
thrown [s\src\hotspot\share\interpreter\linkResolver.cpp, line 784]
Event: 0.414 Thread 0x000001d6f0c54970 Exception <a 'java/lang/NoSuchMethodError'{0x0000000718807fd8}: 'void java.lang.invoke.DirectMethodHandle$Holder.invokeInterface(java.lang.Object, java.lang.Object, java.lang.Object)'> (0x0000000718807fd8) 
thrown [s\src\hotspot\share\interpreter\linkResolver.cpp, line 784]
Event: 0.420 Thread 0x000001d6f0c54970 Exception <a 'java/lang/NoSuchMethodError'{0x0000000718859670}: 'void java.lang.invoke.DirectMethodHandle$Holder.invokeVirtual(java.lang.Object, java.lang.Object)'> (0x0000000718859670) 
thrown [s\src\hotspot\share\interpreter\linkResolver.cpp, line 784]

ZGC Phase Switch (0 events):
No events

VM Operations (10 events):
Event: 0.094 Executing VM operation: HandshakeAllThreads (Deoptimize)
Event: 0.094 Executing VM operation: HandshakeAllThreads (Deoptimize) done
Event: 0.101 Executing VM operation: HandshakeAllThreads (Deoptimize)
Event: 0.101 Executing VM operation: HandshakeAllThreads (Deoptimize) done
Event: 0.230 Executing VM operation: HandshakeAllThreads (Deoptimize)
Event: 0.230 Executing VM operation: HandshakeAllThreads (Deoptimize) done
Event: 0.408 Executing VM operation: HandshakeAllThreads (Deoptimize)
Event: 0.408 Executing VM operation: HandshakeAllThreads (Deoptimize) done
Event: 1.422 Executing VM operation: Cleanup
Event: 1.545 Executing VM operation: Cleanup done

Events (20 events):
Event: 0.048 Thread 0x000001d6f02f08d0 Thread added: 0x000001d6f02f08d0
Event: 0.049 Thread 0x000001d6f0312b00 Thread added: 0x000001d6f0312b00
Event: 0.049 Thread 0x000001d6f0313de0 Thread added: 0x000001d6f0313de0
Event: 0.049 Thread 0x000001d6f0314840 Thread added: 0x000001d6f0314840
Event: 0.049 Thread 0x000001d6f03156d0 Thread added: 0x000001d6f03156d0
Event: 0.049 Thread 0x000001d6f0316130 Thread added: 0x000001d6f0316130
Event: 0.049 Thread 0x000001d6f0316d80 Thread added: 0x000001d6f0316d80
Event: 0.072 Thread 0x000001d6f04e5d50 Thread added: 0x000001d6f04e5d50
Event: 0.076 Thread 0x000001d6f04f0f90 Thread added: 0x000001d6f04f0f90
Event: 0.082 Loaded shared library C:\Program Files\JetBrains\IntelliJ IDEA Community Edition 2023.2.1\jbr\bin\net.dll
Event: 0.085 Loaded shared library C:\Program Files\JetBrains\IntelliJ IDEA Community Edition 2023.2.1\jbr\bin\nio.dll
Event: 0.090 Loaded shared library C:\Program Files\JetBrains\IntelliJ IDEA Community Edition 2023.2.1\jbr\bin\zip.dll
Event: 0.147 Loaded shared library C:\Program Files\JetBrains\IntelliJ IDEA Community Edition 2023.2.1\jbr\bin\jimage.dll
Event: 0.317 Loaded shared library C:\Program Files\JetBrains\IntelliJ IDEA Community Edition 2023.2.1\jbr\bin\sunmscapi.dll
Event: 0.356 Loaded shared library C:\Program Files\JetBrains\IntelliJ IDEA Community Edition 2023.2.1\jbr\bin\extnet.dll
Event: 0.361 Thread 0x000001d6f0b37c90 Thread added: 0x000001d6f0b37c90
Event: 0.412 Thread 0x000001d6f0c54970 Thread added: 0x000001d6f0c54970
Event: 0.426 Thread 0x000001d6f0c49950 Thread added: 0x000001d6f0c49950
Event: 0.457 Thread 0x000001d6f0c4c1b0 Thread added: 0x000001d6f0c4c1b0
Event: 0.459 Thread 0x000001d6f0c29ee0 Thread added: 0x000001d6f0c29ee0


Dynamic libraries:
0x00007ff63c7a0000 - 0x00007ff63c7aa000 	C:\Program Files\JetBrains\IntelliJ IDEA Community Edition 2023.2.1\jbr\bin\java.exe
0x00007ffccb1c0000 - 0x00007ffccb420000 	C:\WINDOWS\SYSTEM32\ntdll.dll
0x00007ffcca3c0000 - 0x00007ffcca487000 	C:\WINDOWS\System32\KERNEL32.DLL
0x00007ffcc8370000 - 0x00007ffcc873a000 	C:\WINDOWS\System32\KERNELBASE.dll
0x00007ffcc8bd0000 - 0x00007ffcc8d1b000 	C:\WINDOWS\System32\ucrtbase.dll
0x00007ffcbae40000 - 0x00007ffcbae5b000 	C:\Program Files\JetBrains\IntelliJ IDEA Community Edition 2023.2.1\jbr\bin\VCRUNTIME140.dll
0x00007ffcaba60000 - 0x00007ffcaba78000 	C:\Program Files\JetBrains\IntelliJ IDEA Community Edition 2023.2.1\jbr\bin\jli.dll
0x00007ffcc8fd0000 - 0x00007ffcc919c000 	C:\WINDOWS\System32\USER32.dll
0x00007ffcc8f60000 - 0x00007ffcc8f87000 	C:\WINDOWS\System32\win32u.dll
0x00007ffcb31e0000 - 0x00007ffcb3477000 	C:\WINDOWS\WinSxS\amd64_microsoft.windows.common-controls_6595b64144ccf1df_6.0.26100.3624_none_3e086962e3345f24\COMCTL32.dll
0x00007ffcca720000 - 0x00007ffcca74a000 	C:\WINDOWS\System32\GDI32.dll
0x00007ffcca310000 - 0x00007ffcca3b9000 	C:\WINDOWS\System32\msvcrt.dll
0x00007ffcc89e0000 - 0x00007ffcc8b11000 	C:\WINDOWS\System32\gdi32full.dll
0x00007ffcc8b20000 - 0x00007ffcc8bc3000 	C:\WINDOWS\System32\msvcp_win.dll
0x00007ffcc8f90000 - 0x00007ffcc8fbf000 	C:\WINDOWS\System32\IMM32.DLL
0x00007ffcc2f30000 - 0x00007ffcc2f3c000 	C:\Program Files\JetBrains\IntelliJ IDEA Community Edition 2023.2.1\jbr\bin\vcruntime140_1.dll
0x00007ffc81630000 - 0x00007ffc816bd000 	C:\Program Files\JetBrains\IntelliJ IDEA Community Edition 2023.2.1\jbr\bin\msvcp140.dll
0x00007ffc5e4e0000 - 0x00007ffc5f292000 	C:\Program Files\JetBrains\IntelliJ IDEA Community Edition 2023.2.1\jbr\bin\server\jvm.dll
0x00007ffcca8e0000 - 0x00007ffcca992000 	C:\WINDOWS\System32\ADVAPI32.dll
0x00007ffcca200000 - 0x00007ffcca2a6000 	C:\WINDOWS\System32\sechost.dll
0x00007ffcca750000 - 0x00007ffcca866000 	C:\WINDOWS\System32\RPCRT4.dll
0x00007ffcc93d0000 - 0x00007ffcc9444000 	C:\WINDOWS\System32\WS2_32.dll
0x00007ffcc81c0000 - 0x00007ffcc821e000 	C:\WINDOWS\SYSTEM32\POWRPROF.dll
0x00007ffcbfff0000 - 0x00007ffcbfffb000 	C:\WINDOWS\SYSTEM32\VERSION.dll
0x00007ffcc5010000 - 0x00007ffcc5046000 	C:\WINDOWS\SYSTEM32\WINMM.dll
0x00007ffcc81a0000 - 0x00007ffcc81b4000 	C:\WINDOWS\SYSTEM32\UMPDC.dll
0x00007ffcc7180000 - 0x00007ffcc719a000 	C:\WINDOWS\SYSTEM32\kernel.appcore.dll
0x00007ffcc2710000 - 0x00007ffcc271a000 	C:\Program Files\JetBrains\IntelliJ IDEA Community Edition 2023.2.1\jbr\bin\jimage.dll
0x00007ffcc5950000 - 0x00007ffcc5b91000 	C:\WINDOWS\SYSTEM32\DBGHELP.DLL
0x00007ffcc9450000 - 0x00007ffcc97d2000 	C:\WINDOWS\System32\combase.dll
0x00007ffcc9810000 - 0x00007ffcc98e6000 	C:\WINDOWS\System32\OLEAUT32.dll
0x00007ffc853e0000 - 0x00007ffc85419000 	C:\WINDOWS\SYSTEM32\dbgcore.DLL
0x00007ffcc8940000 - 0x00007ffcc89d9000 	C:\WINDOWS\System32\bcryptPrimitives.dll
0x00007ffcbad40000 - 0x00007ffcbad5f000 	C:\Program Files\JetBrains\IntelliJ IDEA Community Edition 2023.2.1\jbr\bin\java.dll
0x00007ffcba5f0000 - 0x00007ffcba608000 	C:\Program Files\JetBrains\IntelliJ IDEA Community Edition 2023.2.1\jbr\bin\zip.dll
0x00007ffcc9ad0000 - 0x00007ffcca1f9000 	C:\WINDOWS\System32\SHELL32.dll
0x00007ffcc8740000 - 0x00007ffcc88a8000 	C:\WINDOWS\System32\wintypes.dll
0x00007ffcc5f30000 - 0x00007ffcc6782000 	C:\WINDOWS\SYSTEM32\windows.storage.dll
0x00007ffccb060000 - 0x00007ffccb14d000 	C:\WINDOWS\System32\SHCORE.dll
0x00007ffcca870000 - 0x00007ffcca8d4000 	C:\WINDOWS\System32\shlwapi.dll
0x00007ffcc8280000 - 0x00007ffcc82af000 	C:\WINDOWS\SYSTEM32\profapi.dll
0x00007ffcc0a00000 - 0x00007ffcc0a10000 	C:\Program Files\JetBrains\IntelliJ IDEA Community Edition 2023.2.1\jbr\bin\net.dll
0x00007ffcc0f70000 - 0x00007ffcc108d000 	C:\WINDOWS\SYSTEM32\WINHTTP.dll
0x00007ffcc76a0000 - 0x00007ffcc770a000 	C:\WINDOWS\system32\mswsock.dll
0x00007ffcba110000 - 0x00007ffcba126000 	C:\Program Files\JetBrains\IntelliJ IDEA Community Edition 2023.2.1\jbr\bin\nio.dll
0x00007ffcc7940000 - 0x00007ffcc795c000 	C:\WINDOWS\SYSTEM32\CRYPTSP.dll
0x00007ffcc70e0000 - 0x00007ffcc711a000 	C:\WINDOWS\system32\rsaenh.dll
0x00007ffcc7740000 - 0x00007ffcc776b000 	C:\WINDOWS\SYSTEM32\USERENV.dll
0x00007ffcc8250000 - 0x00007ffcc8276000 	C:\WINDOWS\SYSTEM32\bcrypt.dll
0x00007ffcc7960000 - 0x00007ffcc796c000 	C:\WINDOWS\SYSTEM32\CRYPTBASE.dll
0x00007ffcc6b60000 - 0x00007ffcc6b93000 	C:\WINDOWS\SYSTEM32\IPHLPAPI.DLL
0x00007ffcc9800000 - 0x00007ffcc980a000 	C:\WINDOWS\System32\NSI.dll
0x00007ffcbc3e0000 - 0x00007ffcbc3ee000 	C:\Program Files\JetBrains\IntelliJ IDEA Community Edition 2023.2.1\jbr\bin\sunmscapi.dll
0x00007ffcc8d20000 - 0x00007ffcc8e97000 	C:\WINDOWS\System32\CRYPT32.dll
0x00007ffcc7ad0000 - 0x00007ffcc7b00000 	C:\WINDOWS\SYSTEM32\ncrypt.dll
0x00007ffcc7a80000 - 0x00007ffcc7abf000 	C:\WINDOWS\SYSTEM32\NTASN1.dll
0x00007ffcb97c0000 - 0x00007ffcb97c8000 	C:\WINDOWS\system32\wshunix.dll
0x00007ffcbc3b0000 - 0x00007ffcbc3b9000 	C:\Program Files\JetBrains\IntelliJ IDEA Community Edition 2023.2.1\jbr\bin\extnet.dll

dbghelp: loaded successfully - version: 4.0.5 - missing functions: none
symbol engine: initialized successfully - sym options: 0x614 - pdb path: .;C:\Program Files\JetBrains\IntelliJ IDEA Community Edition 2023.2.1\jbr\bin;C:\WINDOWS\SYSTEM32;C:\WINDOWS\WinSxS\amd64_microsoft.windows.common-controls_6595b64144ccf1df_6.0.26100.3624_none_3e086962e3345f24;C:\Program Files\JetBrains\IntelliJ IDEA Community Edition 2023.2.1\jbr\bin\server

VM Arguments:
java_command: git4idea.http.GitAskPassApp Username for 'https://github.com': 
java_class_path (initial): C:/Program Files/JetBrains/IntelliJ IDEA Community Edition 2023.2.1/plugins/vcs-git/lib/git4idea-rt.jar;C:/Program Files/JetBrains/IntelliJ IDEA Community Edition 2023.2.1/lib/externalProcess-rt.jar
Launcher Type: SUN_STANDARD

[Global flags]
     intx CICompilerCount                          = 4                                         {product} {ergonomic}
     uint ConcGCThreads                            = 3                                         {product} {ergonomic}
     uint G1ConcRefinementThreads                  = 10                                        {product} {ergonomic}
   size_t G1HeapRegionSize                         = 2097152                                   {product} {ergonomic}
    uintx GCDrainStackTargetSize                   = 64                                        {product} {ergonomic}
   size_t InitialHeapSize                          = 257949696                                 {product} {ergonomic}
   size_t MarkStackSize                            = 4194304                                   {product} {ergonomic}
   size_t MaxHeapSize                              = 4127195136                                {product} {ergonomic}
   size_t MaxNewSize                               = 2474639360                                {product} {ergonomic}
   size_t MinHeapDeltaBytes                        = 2097152                                   {product} {ergonomic}
   size_t MinHeapSize                              = 8388608                                   {product} {ergonomic}
    uintx NonNMethodCodeHeapSize                   = 5839372                                {pd product} {ergonomic}
    uintx NonProfiledCodeHeapSize                  = 122909434                              {pd product} {ergonomic}
    uintx ProfiledCodeHeapSize                     = 122909434                              {pd product} {ergonomic}
    uintx ReservedCodeCacheSize                    = 251658240                              {pd product} {ergonomic}
     bool SegmentedCodeCache                       = true                                      {product} {ergonomic}
   size_t SoftMaxHeapSize                          = 4127195136                             {manageable} {ergonomic}
     bool UseCompressedOops                        = true                           {product lp64_product} {ergonomic}
     bool UseG1GC                                  = true                                      {product} {ergonomic}
     bool UseLargePagesIndividualAllocation        = false                                  {pd product} {ergonomic}

Logging:
Log output configuration:
 #0: stdout all=warning uptime,level,tags foldmultilines=false
 #1: stderr all=off uptime,level,tags foldmultilines=false

Environment Variables:
PATH=C:/Program Files/Git/mingw64/libexec/git-core;C:/Program Files/Git/mingw64/libexec/git-core;C:\Program Files\Git\mingw64\bin;C:\Program Files\Git\usr\bin;C:\Users\busi4\bin;C:\Ruby27-x64\bin;C:\Program Files (x86)\Common Files\Oracle\Java\javapath;C:\WINDOWS\system32;C:\WINDOWS;C:\WINDOWS\System32\Wbem;C:\WINDOWS\System32\WindowsPowerShell\v1.0\;C:\WINDOWS\System32\OpenSSH\;C:\Program Files\dotnet\;C:\Program Files\Docker\Docker\resources\bin;C:\Program Files\Calibre2\;c:\Users\busi4\AppData\Local\Programs\cursor\resources\app\bin;C:\WINDOWS\system32;C:\WINDOWS;C:\WINDOWS\System32\Wbem;C:\WINDOWS\System32\WindowsPowerShell\v1.0\;C:\WINDOWS\System32\OpenSSH\;C:\Users\busi4\AppData\Local\Microsoft\WindowsApps;C:\Users\busi4\AppData\Local\Programs\Microsoft VS Code\bin;C:\Program Files\JetBrains\IntelliJ IDEA Community Edition 2023.2.1\bin;C:\Users\busi4\AppData\Local\JetBrains\Toolbox\scripts;C:\Users\busi4\AppData\Local\GitHubDesktop\bin;C:\Users\busi4\AppData\Local\Programs\cursor\resources\app\bin;C:\Users\busi4\AppData\Local\Microsoft\WindowsApps
USERNAME=busi4
DISPLAY=:0.0
LC_ALL=en_US.UTF-8
TERM=xterm-256color
TMPDIR=C:\Users\busi4\AppData\Local\Temp
OS=Windows_NT
PROCESSOR_IDENTIFIER=AMD64 Family 23 Model 96 Stepping 1, AuthenticAMD
TMP=C:\Users\busi4\AppData\Local\Temp
TEMP=C:\Users\busi4\AppData\Local\Temp




Periodic native trim disabled

JNI global refs:
JNI global refs: 20, weak refs: 0

JNI global refs memory usage: 835, weak refs: 201

Process memory usage:
Resident Set Size: 85648K (0% of 16119104K total physical memory with 3234204K free physical memory)

OOME stack traces (most recent first):
Classloader memory used:
Loader bootstrap                                                                       : 15256K
Loader jdk.internal.loader.ClassLoaders$PlatformClassLoader                            : 1587K
Loader jdk.internal.loader.ClassLoaders$AppClassLoader                                 : 16408B

---------------  S Y S T E M  ---------------

OS:
 Windows 11 , 64 bit Build 26100 (10.0.26100.3775)
OS uptime: 1 days 13:59 hours
Hyper-V role detected

CPU: total 12 (initial active 12) (12 cores per cpu, 2 threads per core) family 23 model 96 stepping 1 microcode 0x8600106, cx8, cmov, fxsr, ht, mmx, 3dnowpref, sse, sse2, sse3, ssse3, sse4a, sse4.1, sse4.2, popcnt, lzcnt, tsc, tscinvbit, avx, avx2, aes, clmul, bmi1, bmi2, adx, sha, fma, vzeroupper, clflush, clflushopt, hv, rdtscp, rdpid, f16c
Processor Information for all 12 processors :
  Max Mhz: 3000, Current Mhz: 3000, Mhz Limit: 3000

Memory: 4k page, system-wide physical 15741M (3158M free)
TotalPageFile size 15741M (AvailPageFile size 5M)
current process WorkingSet (physical memory assigned to process): 83M, peak: 83M
current process commit charge ("private bytes"): 357M, peak: 359M

vm_info: OpenJDK 64-Bit Server VM (21.0.3+13-b509.15) for windows-amd64 JRE (21.0.3+13-b509.15), built on 2024-09-04 by "builduser" with MS VC++ 16.10 / 16.11 (VS2019)

END.
