#
# There is insufficient memory for the Java Runtime Environment to continue.
# Native memory allocation (mmap) failed to map 257949696 bytes. Error detail: G1 virtual space
# Possible reasons:
#   The system is out of physical RAM or swap space
#   This process is running with CompressedOops enabled, and the Java Heap may be blocking the growth of the native heap
# Possible solutions:
#   Reduce memory load on the system
#   Increase physical memory or swap space
#   Check if swap backing store is full
#   Decrease Java heap size (-Xmx/-Xms)
#   Decrease number of Java threads
#   Decrease Java thread stack sizes (-Xss)
#   Set larger code cache with -XX:ReservedCodeCacheSize=
#   JVM is running with Zero Based Compressed Oops mode in which the Java heap is
#     placed in the first 32GB address space. The Java Heap base address is the
#     maximum limit for the native heap growth. Please use -XX:HeapBaseMinAddress
#     to set the Java Heap base and to place the Java Heap above 32GB virtual address.
# This output file may be truncated or incomplete.
#
#  Out of Memory Error (os_windows.cpp:3815), pid=17304, tid=13808
#
# JRE version:  (21.0.3+13) (build )
# Java VM: OpenJDK 64-Bit Server VM (21.0.3+13-b509.15, mixed mode, sharing, tiered, compressed oops, compressed class ptrs, g1 gc, windows-amd64)
# No core dump will be written. Minidumps are not enabled by default on client versions of Windows
#

---------------  S U M M A R Y ------------

Command Line: git4idea.http.GitAskPassApp Username for 'https://github.com': 

Host: AMD Ryzen 5 4600H with Radeon Graphics         , 12 cores, 15G,  Windows 11 , 64 bit Build 26100 (10.0.26100.3775)
Time: Sat May  3 21:46:35 2025 W. Europe Daylight Time elapsed time: 2.034361 seconds (0d 0h 0m 2s)

---------------  T H R E A D  ---------------

Current thread (0x00000244feb3e1c0):  JavaThread "Unknown thread" [_thread_in_vm, id=13808, stack(0x000000c54aa00000,0x000000c54ab00000) (1024K)]

Stack: [0x000000c54aa00000,0x000000c54ab00000]
Native frames: (J=compiled Java code, j=interpreted, Vv=VM code, C=native code)
V  [jvm.dll+0x6e02f9]
V  [jvm.dll+0x8bd383]
V  [jvm.dll+0x8bf8de]
V  [jvm.dll+0x8bffc3]
V  [jvm.dll+0x2879c6]
V  [jvm.dll+0x6dcac5]
V  [jvm.dll+0x6d0f9a]
V  [jvm.dll+0x35f9bb]
V  [jvm.dll+0x367566]
V  [jvm.dll+0x3b8b56]
V  [jvm.dll+0x3b8e28]
V  [jvm.dll+0x33217c]
V  [jvm.dll+0x332e6b]
V  [jvm.dll+0x8845e9]
V  [jvm.dll+0x3c5f38]
V  [jvm.dll+0x86d80d]
V  [jvm.dll+0x45ab9e]
V  [jvm.dll+0x45c771]
C  [jli.dll+0x52ab]
C  [ucrtbase.dll+0x37b0]
C  [KERNEL32.DLL+0x2e8d7]
C  [ntdll.dll+0xb14fc]


---------------  P R O C E S S  ---------------

Threads class SMR info:
_java_thread_list=0x00007ffc5f12d108, length=0, elements={
}

Java Threads: ( => current thread )
Total: 0

Other Threads:
  0x00000244ff2cce30 WorkerThread "GC Thread#0"                     [id=7844, stack(0x000000c54ab00000,0x000000c54ac00000) (1024K)]
  0x00000244ff2dd320 ConcurrentGCThread "G1 Main Marker"            [id=3272, stack(0x000000c54ac00000,0x000000c54ad00000) (1024K)]
  0x00000244ff2ddd30 WorkerThread "G1 Conc#0"                       [id=2604, stack(0x000000c54ad00000,0x000000c54ae00000) (1024K)]

[error occurred during error reporting (printing all threads), id 0xc0000005, EXCEPTION_ACCESS_VIOLATION (0xc0000005) at pc=0x00007ffc5e8252d7]
VM state: not at safepoint (not fully initialized)

VM Mutex/Monitor currently owned by a thread:  ([mutex/lock_event])
[0x00007ffc5f1a1858] Heap_lock - owner thread: 0x00000244feb3e1c0

Heap address: 0x000000070a000000, size: 3936 MB, Compressed Oops mode: Zero based, Oop shift amount: 3

CDS archive(s) mapped at: [0x0000000000000000-0x0000000000000000-0x0000000000000000), size 0, SharedBaseAddress: 0x0000000800000000, ArchiveRelocationMode: 1.
Narrow klass base: 0x0000000000000000, Narrow klass shift: 0, Narrow klass range: 0x0

GC Precious Log:
 CardTable entry size: 512
 Card Set container configuration: InlinePtr #cards 4 size 8 Array Of Cards #cards 16 size 48 Howl #buckets 8 coarsen threshold 3686 Howl Bitmap #cards 512 size 80 coarsen threshold 460 Card regions per heap region 1 cards per card region 4096

Heap:
 garbage-first heap   total 0K, used 0K [0x000000070a000000, 0x0000000800000000)
  region size 2048K, 0 young (0K), 0 survivors (0K)
 Metaspace       used 0K, committed 0K, reserved 0K
  class space    used 0K, committed 0K, reserved 0K

Heap Regions: E=young(eden), S=young(survivor), O=old, HS=humongous(starts), HC=humongous(continues), CS=collection set, F=free, TAMS=top-at-mark-start, PB=parsable bottom

Card table byte_map: [0x0000024494a10000,0x00000244951c0000] _byte_map_base: 0x00000244911c0000

Marking Bits: (CMBitMap*) 0x00000244ff2cd440
 Bits: [0x00000244951c0000, 0x0000024498f40000)

GC Heap History (0 events):
No events

Dll operation events (1 events):
Event: 0.008 Loaded shared library C:\Program Files\JetBrains\IntelliJ IDEA Community Edition 2023.2.1\jbr\bin\java.dll

Deoptimization events (0 events):
No events

Classes loaded (0 events):
No events

Classes unloaded (0 events):
No events

Classes redefined (0 events):
No events

Internal exceptions (0 events):
No events

ZGC Phase Switch (0 events):
No events

VM Operations (0 events):
No events

Events (0 events):
No events


Dynamic libraries:
0x00007ff77e330000 - 0x00007ff77e33a000 	C:\Program Files\JetBrains\IntelliJ IDEA Community Edition 2023.2.1\jbr\bin\java.exe
0x00007ffccb1c0000 - 0x00007ffccb420000 	C:\WINDOWS\SYSTEM32\ntdll.dll
0x00007ffcca3c0000 - 0x00007ffcca487000 	C:\WINDOWS\System32\KERNEL32.DLL
0x00007ffcc8370000 - 0x00007ffcc873a000 	C:\WINDOWS\System32\KERNELBASE.dll
0x00007ffcc8bd0000 - 0x00007ffcc8d1b000 	C:\WINDOWS\System32\ucrtbase.dll
0x00007ffca42e0000 - 0x00007ffca42f8000 	C:\Program Files\JetBrains\IntelliJ IDEA Community Edition 2023.2.1\jbr\bin\jli.dll
0x00007ffcbae40000 - 0x00007ffcbae5b000 	C:\Program Files\JetBrains\IntelliJ IDEA Community Edition 2023.2.1\jbr\bin\VCRUNTIME140.dll
0x00007ffcc8fd0000 - 0x00007ffcc919c000 	C:\WINDOWS\System32\USER32.dll
0x00007ffcc8f60000 - 0x00007ffcc8f87000 	C:\WINDOWS\System32\win32u.dll
0x00007ffcb31e0000 - 0x00007ffcb3477000 	C:\WINDOWS\WinSxS\amd64_microsoft.windows.common-controls_6595b64144ccf1df_6.0.26100.3624_none_3e086962e3345f24\COMCTL32.dll
0x00007ffcca720000 - 0x00007ffcca74a000 	C:\WINDOWS\System32\GDI32.dll
0x00007ffcca310000 - 0x00007ffcca3b9000 	C:\WINDOWS\System32\msvcrt.dll
0x00007ffcc89e0000 - 0x00007ffcc8b11000 	C:\WINDOWS\System32\gdi32full.dll
0x00007ffcc8b20000 - 0x00007ffcc8bc3000 	C:\WINDOWS\System32\msvcp_win.dll
0x00007ffcc8f90000 - 0x00007ffcc8fbf000 	C:\WINDOWS\System32\IMM32.DLL
0x00007ffcc2f30000 - 0x00007ffcc2f3c000 	C:\Program Files\JetBrains\IntelliJ IDEA Community Edition 2023.2.1\jbr\bin\vcruntime140_1.dll
0x00007ffc606d0000 - 0x00007ffc6075d000 	C:\Program Files\JetBrains\IntelliJ IDEA Community Edition 2023.2.1\jbr\bin\msvcp140.dll
0x00007ffc5e4e0000 - 0x00007ffc5f292000 	C:\Program Files\JetBrains\IntelliJ IDEA Community Edition 2023.2.1\jbr\bin\server\jvm.dll
0x00007ffcca8e0000 - 0x00007ffcca992000 	C:\WINDOWS\System32\ADVAPI32.dll
0x00007ffcca200000 - 0x00007ffcca2a6000 	C:\WINDOWS\System32\sechost.dll
0x00007ffcca750000 - 0x00007ffcca866000 	C:\WINDOWS\System32\RPCRT4.dll
0x00007ffcc93d0000 - 0x00007ffcc9444000 	C:\WINDOWS\System32\WS2_32.dll
0x00007ffcc81c0000 - 0x00007ffcc821e000 	C:\WINDOWS\SYSTEM32\POWRPROF.dll
0x00007ffcc5010000 - 0x00007ffcc5046000 	C:\WINDOWS\SYSTEM32\WINMM.dll
0x00007ffcbfff0000 - 0x00007ffcbfffb000 	C:\WINDOWS\SYSTEM32\VERSION.dll
0x00007ffcc81a0000 - 0x00007ffcc81b4000 	C:\WINDOWS\SYSTEM32\UMPDC.dll
0x00007ffcc7180000 - 0x00007ffcc719a000 	C:\WINDOWS\SYSTEM32\kernel.appcore.dll
0x00007ffcc2710000 - 0x00007ffcc271a000 	C:\Program Files\JetBrains\IntelliJ IDEA Community Edition 2023.2.1\jbr\bin\jimage.dll
0x00007ffcc5950000 - 0x00007ffcc5b91000 	C:\WINDOWS\SYSTEM32\DBGHELP.DLL
0x00007ffcc9450000 - 0x00007ffcc97d2000 	C:\WINDOWS\System32\combase.dll
0x00007ffcc9810000 - 0x00007ffcc98e6000 	C:\WINDOWS\System32\OLEAUT32.dll
0x00007ffc853e0000 - 0x00007ffc85419000 	C:\WINDOWS\SYSTEM32\dbgcore.DLL
0x00007ffcc8940000 - 0x00007ffcc89d9000 	C:\WINDOWS\System32\bcryptPrimitives.dll
0x00007ffcbad40000 - 0x00007ffcbad5f000 	C:\Program Files\JetBrains\IntelliJ IDEA Community Edition 2023.2.1\jbr\bin\java.dll

dbghelp: loaded successfully - version: 4.0.5 - missing functions: none
symbol engine: initialized successfully - sym options: 0x614 - pdb path: .;C:\Program Files\JetBrains\IntelliJ IDEA Community Edition 2023.2.1\jbr\bin;C:\WINDOWS\SYSTEM32;C:\WINDOWS\WinSxS\amd64_microsoft.windows.common-controls_6595b64144ccf1df_6.0.26100.3624_none_3e086962e3345f24;C:\Program Files\JetBrains\IntelliJ IDEA Community Edition 2023.2.1\jbr\bin\server

VM Arguments:
java_command: git4idea.http.GitAskPassApp Username for 'https://github.com': 
java_class_path (initial): C:/Program Files/JetBrains/IntelliJ IDEA Community Edition 2023.2.1/plugins/vcs-git/lib/git4idea-rt.jar;C:/Program Files/JetBrains/IntelliJ IDEA Community Edition 2023.2.1/lib/externalProcess-rt.jar
Launcher Type: SUN_STANDARD

[Global flags]
     intx CICompilerCount                          = 4                                         {product} {ergonomic}
     uint ConcGCThreads                            = 3                                         {product} {ergonomic}
     uint G1ConcRefinementThreads                  = 10                                        {product} {ergonomic}
   size_t G1HeapRegionSize                         = 2097152                                   {product} {ergonomic}
    uintx GCDrainStackTargetSize                   = 64                                        {product} {ergonomic}
   size_t InitialHeapSize                          = 257949696                                 {product} {ergonomic}
   size_t MarkStackSize                            = 4194304                                   {product} {ergonomic}
   size_t MaxHeapSize                              = 4127195136                                {product} {ergonomic}
   size_t MinHeapDeltaBytes                        = 2097152                                   {product} {ergonomic}
   size_t MinHeapSize                              = 8388608                                   {product} {ergonomic}
    uintx NonNMethodCodeHeapSize                   = 5839372                                {pd product} {ergonomic}
    uintx NonProfiledCodeHeapSize                  = 122909434                              {pd product} {ergonomic}
    uintx ProfiledCodeHeapSize                     = 122909434                              {pd product} {ergonomic}
    uintx ReservedCodeCacheSize                    = 251658240                              {pd product} {ergonomic}
     bool SegmentedCodeCache                       = true                                      {product} {ergonomic}
   size_t SoftMaxHeapSize                          = 4127195136                             {manageable} {ergonomic}
     bool UseCompressedOops                        = true                           {product lp64_product} {ergonomic}
     bool UseG1GC                                  = true                                      {product} {ergonomic}
     bool UseLargePagesIndividualAllocation        = false                                  {pd product} {ergonomic}

Logging:
Log output configuration:
 #0: stdout all=warning uptime,level,tags foldmultilines=false
 #1: stderr all=off uptime,level,tags foldmultilines=false

Environment Variables:
PATH=C:/Program Files/Git/mingw64/libexec/git-core;C:/Program Files/Git/mingw64/libexec/git-core;C:\Program Files\Git\mingw64\bin;C:\Program Files\Git\usr\bin;C:\Users\busi4\bin;C:\Ruby27-x64\bin;C:\Program Files (x86)\Common Files\Oracle\Java\javapath;C:\WINDOWS\system32;C:\WINDOWS;C:\WINDOWS\System32\Wbem;C:\WINDOWS\System32\WindowsPowerShell\v1.0\;C:\WINDOWS\System32\OpenSSH\;C:\Program Files\dotnet\;C:\Program Files\Docker\Docker\resources\bin;C:\Program Files\Calibre2\;c:\Users\busi4\AppData\Local\Programs\cursor\resources\app\bin;C:\WINDOWS\system32;C:\WINDOWS;C:\WINDOWS\System32\Wbem;C:\WINDOWS\System32\WindowsPowerShell\v1.0\;C:\WINDOWS\System32\OpenSSH\;C:\Users\busi4\AppData\Local\Microsoft\WindowsApps;C:\Users\busi4\AppData\Local\Programs\Microsoft VS Code\bin;C:\Program Files\JetBrains\IntelliJ IDEA Community Edition 2023.2.1\bin;C:\Users\busi4\AppData\Local\JetBrains\Toolbox\scripts;C:\Users\busi4\AppData\Local\GitHubDesktop\bin;C:\Users\busi4\AppData\Local\Programs\cursor\resources\app\bin;C:\Users\busi4\AppData\Local\Microsoft\WindowsApps
USERNAME=busi4
DISPLAY=:0.0
LC_ALL=en_US.UTF-8
TERM=xterm-256color
TMPDIR=C:\Users\busi4\AppData\Local\Temp
OS=Windows_NT
PROCESSOR_IDENTIFIER=AMD64 Family 23 Model 96 Stepping 1, AuthenticAMD
TMP=C:\Users\busi4\AppData\Local\Temp
TEMP=C:\Users\busi4\AppData\Local\Temp




Periodic native trim disabled

JNI global refs:
JNI global refs: 0, weak refs: 0

JNI global refs memory usage: 0, weak refs: 0

Process memory usage:
Resident Set Size: 12908K (0% of 16119104K total physical memory with 3301140K free physical memory)

OOME stack traces (most recent first):
Classloader memory used:

---------------  S Y S T E M  ---------------

OS:
 Windows 11 , 64 bit Build 26100 (10.0.26100.3775)
OS uptime: 1 days 13:58 hours
Hyper-V role detected

CPU: total 12 (initial active 12) (12 cores per cpu, 2 threads per core) family 23 model 96 stepping 1 microcode 0x8600106, cx8, cmov, fxsr, ht, mmx, 3dnowpref, sse, sse2, sse3, ssse3, sse4a, sse4.1, sse4.2, popcnt, lzcnt, tsc, tscinvbit, avx, avx2, aes, clmul, bmi1, bmi2, adx, sha, fma, vzeroupper, clflush, clflushopt, hv, rdtscp, rdpid, f16c
Processor Information for all 12 processors :
  Max Mhz: 3000, Current Mhz: 3000, Mhz Limit: 3000

Memory: 4k page, system-wide physical 15741M (3223M free)
TotalPageFile size 15741M (AvailPageFile size 241M)
current process WorkingSet (physical memory assigned to process): 12M, peak: 12M
current process commit charge ("private bytes"): 64M, peak: 310M

vm_info: OpenJDK 64-Bit Server VM (21.0.3+13-b509.15) for windows-amd64 JRE (21.0.3+13-b509.15), built on 2024-09-04 by "builduser" with MS VC++ 16.10 / 16.11 (VS2019)

END.
