#
# There is insufficient memory for the Java Runtime Environment to continue.
# Native memory allocation (mmap) failed to map 257949696 bytes for G1 virtual space
# Possible reasons:
#   The system is out of physical RAM or swap space
#   The process is running with CompressedOops enabled, and the Java Heap may be blocking the growth of the native heap
# Possible solutions:
#   Reduce memory load on the system
#   Increase physical memory or swap space
#   Check if swap backing store is full
#   Decrease Java heap size (-Xmx/-Xms)
#   Decrease number of Java threads
#   Decrease Java thread stack sizes (-Xss)
#   Set larger code cache with -XX:ReservedCodeCacheSize=
#   JVM is running with Zero Based Compressed Oops mode in which the Java heap is
#     placed in the first 32GB address space. The Java Heap base address is the
#     maximum limit for the native heap growth. Please use -XX:HeapBaseMinAddress
#     to set the Java Heap base and to place the Java Heap above 32GB virtual address.
# This output file may be truncated or incomplete.
#
#  Out of Memory Error (os_windows.cpp:3613), pid=17264, tid=14004
#
# JRE version:  (17.0.9+8) (build )
# Java VM: OpenJDK 64-Bit Server VM (17.0.9+8-LTS, mixed mode, sharing, tiered, compressed oops, compressed class ptrs, g1 gc, windows-amd64)
# No core dump will be written. Minidumps are not enabled by default on client versions of Windows
#

---------------  S U M M A R Y ------------

Command Line: org.jetbrains.kotlin.cli.jvm.K2JVMCompiler @C:\Programming\Bible\build\20250503_8000795862814791982.compiler.options

Host: AMD Ryzen 5 4600H with Radeon Graphics         , 12 cores, 15G,  Windows 11 , 64 bit Build 26100 (10.0.26100.3775)
Time: Sat May  3 21:01:23 2025 W. Europe Daylight Time elapsed time: 2.057704 seconds (0d 0h 0m 2s)

---------------  T H R E A D  ---------------

Current thread (0x00000212f2227d40):  JavaThread "Unknown thread" [_thread_in_vm, id=14004, stack(0x000000d40cd00000,0x000000d40ce00000)]

Stack: [0x000000d40cd00000,0x000000d40ce00000]
Native frames: (J=compiled Java code, j=interpreted, Vv=VM code, C=native code)
V  [jvm.dll+0x67cb49]
V  [jvm.dll+0x8344da]
V  [jvm.dll+0x835f9e]
V  [jvm.dll+0x836603]
V  [jvm.dll+0x247b5f]
V  [jvm.dll+0x679969]
V  [jvm.dll+0x66e2ba]
V  [jvm.dll+0x307a5b]
V  [jvm.dll+0x30ef06]
V  [jvm.dll+0x35ecee]
V  [jvm.dll+0x35ef1f]
V  [jvm.dll+0x2de658]
V  [jvm.dll+0x2df5c4]
V  [jvm.dll+0x805d51]
V  [jvm.dll+0x36cb51]
V  [jvm.dll+0x7e47dc]
V  [jvm.dll+0x3f03cf]
V  [jvm.dll+0x3f2001]
C  [jli.dll+0x528f]
C  [ucrtbase.dll+0x37b0]
C  [KERNEL32.DLL+0x2e8d7]
C  [ntdll.dll+0xb14fc]


---------------  P R O C E S S  ---------------

Threads class SMR info:
_java_thread_list=0x00007ffc5c85ee98, length=0, elements={
}

Java Threads: ( => current thread )

Other Threads:
  0x00000212f2292700 GCTaskThread "GC Thread#0" [stack: 0x000000d40ce00000,0x000000d40cf00000] [id=20996]
  0x00000212f22a3920 ConcurrentGCThread "G1 Main Marker" [stack: 0x000000d40cf00000,0x000000d40d000000] [id=8856]
  0x00000212f22a69f0 ConcurrentGCThread "G1 Conc#0" [stack: 0x000000d40d000000,0x000000d40d100000] [id=12348]

[error occurred during error reporting (printing all threads), id 0xc0000005, EXCEPTION_ACCESS_VIOLATION (0xc0000005) at pc=0x00007ffc5c01f097]

VM state: not at safepoint (not fully initialized)

VM Mutex/Monitor currently owned by a thread:  ([mutex/lock_event])
[0x00000212f2222e00] Heap_lock - owner thread: 0x00000212f2227d40

Heap address: 0x000000070a000000, size: 3936 MB, Compressed Oops mode: Zero based, Oop shift amount: 3

CDS archive(s) mapped at: [0x0000000000000000-0x0000000000000000-0x0000000000000000), size 0, SharedBaseAddress: 0x0000000800000000, ArchiveRelocationMode: 1.
Narrow klass base: 0x0000000000000000, Narrow klass shift: 0, Narrow klass range: 0x0

GC Precious Log:
<Empty>

Heap:
 garbage-first heap   total 0K, used 0K [0x000000070a000000, 0x0000000800000000)
  region size 2048K, 0 young (0K), 0 survivors (0K)

[error occurred during error reporting (printing heap information), id 0xc0000005, EXCEPTION_ACCESS_VIOLATION (0xc0000005) at pc=0x00007ffc5c4068f9]

GC Heap History (0 events):
No events

Dll operation events (1 events):
Event: 0.016 Loaded shared library C:\Users\busi4\.jdks\corretto-17.0.9\bin\java.dll

Deoptimization events (0 events):
No events

Classes unloaded (0 events):
No events

Classes redefined (0 events):
No events

Internal exceptions (0 events):
No events

VM Operations (0 events):
No events

Events (0 events):
No events


Dynamic libraries:
0x00007ff7ee500000 - 0x00007ff7ee50e000 	C:\Users\busi4\.jdks\corretto-17.0.9\bin\java.exe
0x00007ffccb1c0000 - 0x00007ffccb420000 	C:\WINDOWS\SYSTEM32\ntdll.dll
0x00007ffcca3c0000 - 0x00007ffcca487000 	C:\WINDOWS\System32\KERNEL32.DLL
0x00007ffcc8370000 - 0x00007ffcc873a000 	C:\WINDOWS\System32\KERNELBASE.dll
0x00007ffcc8bd0000 - 0x00007ffcc8d1b000 	C:\WINDOWS\System32\ucrtbase.dll
0x00007ffcb71a0000 - 0x00007ffcb71b7000 	C:\Users\busi4\.jdks\corretto-17.0.9\bin\jli.dll
0x00007ffcb7200000 - 0x00007ffcb721b000 	C:\Users\busi4\.jdks\corretto-17.0.9\bin\VCRUNTIME140.dll
0x00007ffcc8fd0000 - 0x00007ffcc919c000 	C:\WINDOWS\System32\USER32.dll
0x00007ffcb31e0000 - 0x00007ffcb3477000 	C:\WINDOWS\WinSxS\amd64_microsoft.windows.common-controls_6595b64144ccf1df_6.0.26100.3624_none_3e086962e3345f24\COMCTL32.dll
0x00007ffcc8f60000 - 0x00007ffcc8f87000 	C:\WINDOWS\System32\win32u.dll
0x00007ffcca310000 - 0x00007ffcca3b9000 	C:\WINDOWS\System32\msvcrt.dll
0x00007ffcca720000 - 0x00007ffcca74a000 	C:\WINDOWS\System32\GDI32.dll
0x00007ffcc89e0000 - 0x00007ffcc8b11000 	C:\WINDOWS\System32\gdi32full.dll
0x00007ffcc8b20000 - 0x00007ffcc8bc3000 	C:\WINDOWS\System32\msvcp_win.dll
0x00007ffcc8f90000 - 0x00007ffcc8fbf000 	C:\WINDOWS\System32\IMM32.DLL
0x00007ffcba210000 - 0x00007ffcba21c000 	C:\Users\busi4\.jdks\corretto-17.0.9\bin\vcruntime140_1.dll
0x00007ffca43f0000 - 0x00007ffca447d000 	C:\Users\busi4\.jdks\corretto-17.0.9\bin\msvcp140.dll
0x00007ffc5bd30000 - 0x00007ffc5c991000 	C:\Users\busi4\.jdks\corretto-17.0.9\bin\server\jvm.dll
0x00007ffcca8e0000 - 0x00007ffcca992000 	C:\WINDOWS\System32\ADVAPI32.dll
0x00007ffcca200000 - 0x00007ffcca2a6000 	C:\WINDOWS\System32\sechost.dll
0x00007ffcca750000 - 0x00007ffcca866000 	C:\WINDOWS\System32\RPCRT4.dll
0x00007ffcc5010000 - 0x00007ffcc5046000 	C:\WINDOWS\SYSTEM32\WINMM.dll
0x00007ffcc16f0000 - 0x00007ffcc16fa000 	C:\WINDOWS\SYSTEM32\WSOCK32.dll
0x00007ffcbfff0000 - 0x00007ffcbfffb000 	C:\WINDOWS\SYSTEM32\VERSION.dll
0x00007ffcc81c0000 - 0x00007ffcc821e000 	C:\WINDOWS\SYSTEM32\POWRPROF.dll
0x00007ffcc93d0000 - 0x00007ffcc9444000 	C:\WINDOWS\System32\WS2_32.dll
0x00007ffcc81a0000 - 0x00007ffcc81b4000 	C:\WINDOWS\SYSTEM32\UMPDC.dll
0x00007ffcc7180000 - 0x00007ffcc719a000 	C:\WINDOWS\SYSTEM32\kernel.appcore.dll
0x00007ffcb9fb0000 - 0x00007ffcb9fba000 	C:\Users\busi4\.jdks\corretto-17.0.9\bin\jimage.dll
0x00007ffcc5950000 - 0x00007ffcc5b91000 	C:\WINDOWS\SYSTEM32\DBGHELP.DLL
0x00007ffcc9450000 - 0x00007ffcc97d2000 	C:\WINDOWS\System32\combase.dll
0x00007ffcc9810000 - 0x00007ffcc98e6000 	C:\WINDOWS\System32\OLEAUT32.dll
0x00007ffc853e0000 - 0x00007ffc85419000 	C:\WINDOWS\SYSTEM32\dbgcore.DLL
0x00007ffcc8940000 - 0x00007ffcc89d9000 	C:\WINDOWS\System32\bcryptPrimitives.dll
0x00007ffcb2e30000 - 0x00007ffcb2e55000 	C:\Users\busi4\.jdks\corretto-17.0.9\bin\java.dll

dbghelp: loaded successfully - version: 4.0.5 - missing functions: none
symbol engine: initialized successfully - sym options: 0x614 - pdb path: .;C:\Users\busi4\.jdks\corretto-17.0.9\bin;C:\WINDOWS\SYSTEM32;C:\WINDOWS\WinSxS\amd64_microsoft.windows.common-controls_6595b64144ccf1df_6.0.26100.3624_none_3e086962e3345f24;C:\Users\busi4\.jdks\corretto-17.0.9\bin\server

VM Arguments:
java_command: org.jetbrains.kotlin.cli.jvm.K2JVMCompiler @C:\Programming\Bible\build\20250503_8000795862814791982.compiler.options
java_class_path (initial): C:\Users\busi4\.gradle\caches\modules-2\files-2.1\org.jetbrains.kotlin\kotlin-compiler-embeddable\2.0.0\1de310de3446414381282ffc46c3ed3919a4d1da\kotlin-compiler-embeddable-2.0.0.jar;C:\Users\busi4\.gradle\caches\modules-2\files-2.1\org.jetbrains.kotlin\kotlin-stdlib\2.0.0\b48df2c4aede9586cc931ead433bc02d6fd7879e\kotlin-stdlib-2.0.0.jar;C:\Users\busi4\.gradle\caches\modules-2\files-2.1\org.jetbrains.kotlin\kotlin-script-runtime\2.0.0\fdc27dd047d592fa41d2dfa21e7621287a361612\kotlin-script-runtime-2.0.0.jar;C:\Users\busi4\.gradle\caches\modules-2\files-2.1\org.jetbrains.kotlin\kotlin-reflect\1.6.10\1cbe9c92c12a94eea200d23c2bbaedaf3daf5132\kotlin-reflect-1.6.10.jar;C:\Users\busi4\.gradle\caches\modules-2\files-2.1\org.jetbrains.kotlin\kotlin-daemon-embeddable\2.0.0\b39c612768614c4428c96ee9c65477181fffe9d\kotlin-daemon-embeddable-2.0.0.jar;C:\Users\busi4\.gradle\caches\modules-2\files-2.1\org.jetbrains.intellij.deps\trove4j\1.0.20200330\3afb14d5f9ceb459d724e907a21145e8ff394f02\trove4j-1.0.20200330.jar;C:\Users\busi4\.gradle\caches\modules-2\files-2.1\org.jetbrains\annotations\13.0\919f0dfe192fb4e063e7dacadee7f8bb9a2672a9\annotations-13.0.jar
Launcher Type: SUN_STANDARD

[Global flags]
     intx CICompilerCount                          = 4                                         {product} {ergonomic}
     uint ConcGCThreads                            = 3                                         {product} {ergonomic}
     uint G1ConcRefinementThreads                  = 10                                        {product} {ergonomic}
   size_t G1HeapRegionSize                         = 2097152                                   {product} {ergonomic}
    uintx GCDrainStackTargetSize                   = 64                                        {product} {ergonomic}
   size_t InitialHeapSize                          = 257949696                                 {product} {ergonomic}
   size_t MarkStackSize                            = 4194304                                   {product} {ergonomic}
   size_t MaxHeapSize                              = 4127195136                                {product} {ergonomic}
   size_t MinHeapDeltaBytes                        = 2097152                                   {product} {ergonomic}
   size_t MinHeapSize                              = 8388608                                   {product} {ergonomic}
    uintx NonNMethodCodeHeapSize                   = 5839372                                {pd product} {ergonomic}
    uintx NonProfiledCodeHeapSize                  = 122909434                              {pd product} {ergonomic}
    uintx ProfiledCodeHeapSize                     = 122909434                              {pd product} {ergonomic}
    uintx ReservedCodeCacheSize                    = 251658240                              {pd product} {ergonomic}
     bool SegmentedCodeCache                       = true                                      {product} {ergonomic}
   size_t SoftMaxHeapSize                          = 4127195136                             {manageable} {ergonomic}
     bool UseCompressedClassPointers               = true                           {product lp64_product} {ergonomic}
     bool UseCompressedOops                        = true                           {product lp64_product} {ergonomic}
     bool UseG1GC                                  = true                                      {product} {ergonomic}
     bool UseLargePagesIndividualAllocation        = false                                  {pd product} {ergonomic}

Logging:
Log output configuration:
 #0: stdout all=warning uptime,level,tags
 #1: stderr all=off uptime,level,tags

Environment Variables:
PATH=C:\Ruby27-x64\bin;C:\Program Files (x86)\Common Files\Oracle\Java\javapath;C:\WINDOWS\system32;C:\WINDOWS;C:\WINDOWS\System32\Wbem;C:\WINDOWS\System32\WindowsPowerShell\v1.0\;C:\WINDOWS\System32\OpenSSH\;C:\Program Files\dotnet\;C:\Program Files\Docker\Docker\resources\bin;C:\Program Files\Calibre2\;c:\Users\busi4\AppData\Local\Programs\cursor\resources\app\bin;C:\WINDOWS\system32;C:\WINDOWS;C:\WINDOWS\System32\Wbem;C:\WINDOWS\System32\WindowsPowerShell\v1.0\;C:\WINDOWS\System32\OpenSSH\;C:\Users\busi4\AppData\Local\Microsoft\WindowsApps;C:\Users\busi4\AppData\Local\Programs\Microsoft VS Code\bin;C:\Program Files\JetBrains\IntelliJ IDEA Community Edition 2023.2.1\bin;C:\Users\busi4\AppData\Local\JetBrains\Toolbox\scripts;C:\Users\busi4\AppData\Local\GitHubDesktop\bin;C:\Users\busi4\AppData\Local\Programs\cursor\resources\app\bin;C:\Users\busi4\AppData\Local\Microsoft\WindowsApps
USERNAME=busi4
OS=Windows_NT
PROCESSOR_IDENTIFIER=AMD64 Family 23 Model 96 Stepping 1, AuthenticAMD
TMP=C:\Users\busi4\AppData\Local\Temp
TEMP=C:\Users\busi4\AppData\Local\Temp



Periodic native trim disabled


---------------  S Y S T E M  ---------------

OS:
 Windows 11 , 64 bit Build 26100 (10.0.26100.3775)
OS uptime: 1 days 13:13 hours
Hyper-V role detected

CPU: total 12 (initial active 12) (12 cores per cpu, 2 threads per core) family 23 model 96 stepping 1 microcode 0x8600106, cx8, cmov, fxsr, ht, mmx, 3dnowpref, sse, sse2, sse3, ssse3, sse4a, sse4.1, sse4.2, popcnt, lzcnt, tsc, tscinvbit, avx, avx2, aes, clmul, bmi1, bmi2, adx, sha, fma, vzeroupper, clflush, clflushopt, hv
Processor Information for processor 0
  Max Mhz: 3000, Current Mhz: 1400, Mhz Limit: 3000
Processor Information for processor 1
  Max Mhz: 3000, Current Mhz: 1400, Mhz Limit: 3000
Processor Information for processor 2
  Max Mhz: 3000, Current Mhz: 1400, Mhz Limit: 3000
Processor Information for processor 3
  Max Mhz: 3000, Current Mhz: 1400, Mhz Limit: 3000
Processor Information for processor 4
  Max Mhz: 3000, Current Mhz: 1400, Mhz Limit: 3000
Processor Information for processor 5
  Max Mhz: 3000, Current Mhz: 1400, Mhz Limit: 3000
Processor Information for processor 6
  Max Mhz: 3000, Current Mhz: 1400, Mhz Limit: 3000
Processor Information for processor 7
  Max Mhz: 3000, Current Mhz: 1400, Mhz Limit: 3000
Processor Information for processor 8
  Max Mhz: 3000, Current Mhz: 1400, Mhz Limit: 3000
Processor Information for processor 9
  Max Mhz: 3000, Current Mhz: 1400, Mhz Limit: 3000
Processor Information for processor 10
  Max Mhz: 3000, Current Mhz: 1700, Mhz Limit: 3000
Processor Information for processor 11
  Max Mhz: 3000, Current Mhz: 1700, Mhz Limit: 3000

Memory: 4k page, system-wide physical 15741M (1777M free)
TotalPageFile size 15741M (AvailPageFile size 97M)
current process WorkingSet (physical memory assigned to process): 12M, peak: 12M
current process commit charge ("private bytes"): 64M, peak: 310M

vm_info: OpenJDK 64-Bit Server VM (17.0.9+8-LTS) for windows-amd64 JRE (17.0.9+8-LTS), built on Oct 12 2023 16:15:33 by "Administrator" with MS VC++ 16.10 / 16.11 (VS2019)

END.
